Analysis & Synthesis report for mp3
Sat Mar 10 16:05:45 2018
Quartus II 32-bit Version 13.1.4 Build 182 03/12/2014 SJ Full Version


---------------------
; Table of Contents ;
---------------------
  1. Legal Notice
  2. Analysis & Synthesis Summary
  3. Analysis & Synthesis Settings
  4. Parallel Compilation
  5. Analysis & Synthesis Source Files Read
  6. Analysis & Synthesis Resource Usage Summary
  7. Analysis & Synthesis Resource Utilization by Entity
  8. Registers Removed During Synthesis
  9. Removed Registers Triggering Further Register Optimizations
 10. General Register Statistics
 11. Multiplexer Restructuring Statistics (Restructuring Performed)
 12. Parameter Settings for User Entity Instance: cpu_datapath:cd|register:pc
 13. Parameter Settings for User Entity Instance: cpu_datapath:cd|mux2:pcmux
 14. Parameter Settings for User Entity Instance: cpu_datapath:cd|plus2:pc_plus2
 15. Parameter Settings for User Entity Instance: cpu_datapath:cd|mux2:offsetmux
 16. Parameter Settings for User Entity Instance: cpu_datapath:cd|adj:adj11
 17. Parameter Settings for User Entity Instance: cpu_datapath:cd|mux2:storemux
 18. Parameter Settings for User Entity Instance: cpu_datapath:cd|adj:adj6
 19. Parameter Settings for User Entity Instance: cpu_datapath:cd|adj:adj9
 20. Parameter Settings for User Entity Instance: cpu_datapath:cd|mux2:alumux
 21. Parameter Settings for User Entity Instance: cpu_datapath:cd|mux2:mdrmux
 22. Parameter Settings for User Entity Instance: cpu_datapath:cd|mux2:marmux
 23. Parameter Settings for User Entity Instance: cpu_datapath:cd|register:MDR
 24. Parameter Settings for User Entity Instance: cpu_datapath:cd|register:MAR
 25. Parameter Settings for User Entity Instance: cpu_datapath:cd|mux2:refgilemux
 26. Parameter Settings for User Entity Instance: cpu_datapath:cd|register:CC
 27. Port Connectivity Checks: "cpu_datapath:cd|memwb:memwb_register"
 28. Port Connectivity Checks: "cpu_datapath:cd|idex:idex_register"
 29. Port Connectivity Checks: "cpu_datapath:cd|adj:adj9"
 30. Port Connectivity Checks: "cpu_datapath:cd|adj:adj6"
 31. Port Connectivity Checks: "cpu_datapath:cd|adj:adj11"
 32. Port Connectivity Checks: "wishbone_interface:data_interface"
 33. Port Connectivity Checks: "wishbone_interface:instr_interface"
 34. Elapsed Time Per Partition
 35. Analysis & Synthesis Messages



----------------
; Legal Notice ;
----------------
Copyright (C) 1991-2014 Altera Corporation
Your use of Altera Corporation's design tools, logic functions 
and other software and tools, and its AMPP partner logic 
functions, and any output files from any of the foregoing 
(including device programming or simulation files), and any 
associated documentation or information are expressly subject 
to the terms and conditions of the Altera Program License 
Subscription Agreement, Altera MegaCore Function License 
Agreement, or other applicable license agreement, including, 
without limitation, that your use is for the sole purpose of 
programming logic devices manufactured by Altera and sold by 
Altera or its authorized distributors.  Please refer to the 
applicable agreement for further details.



+-----------------------------------------------------------------------------+
; Analysis & Synthesis Summary                                                ;
+-------------------------------+---------------------------------------------+
; Analysis & Synthesis Status   ; Successful - Sat Mar 10 16:05:45 2018       ;
; Quartus II 32-bit Version     ; 13.1.4 Build 182 03/12/2014 SJ Full Version ;
; Revision Name                 ; mp3                                         ;
; Top-level Entity Name         ; cpu                                         ;
; Family                        ; Stratix III                                 ;
; Logic utilization             ; N/A                                         ;
;     Combinational ALUTs       ; 465                                         ;
;     Memory ALUTs              ; 0                                           ;
;     Dedicated logic registers ; 416                                         ;
; Total registers               ; 416                                         ;
; Total pins                    ; 580                                         ;
; Total virtual pins            ; 0                                           ;
; Total block memory bits       ; 0                                           ;
; DSP block 18-bit elements     ; 0                                           ;
; Total PLLs                    ; 0                                           ;
; Total DLLs                    ; 0                                           ;
+-------------------------------+---------------------------------------------+


+---------------------------------------------------------------------------------------------------------------------------+
; Analysis & Synthesis Settings                                                                                             ;
+---------------------------------------------------------------------------------+--------------------+--------------------+
; Option                                                                          ; Setting            ; Default Value      ;
+---------------------------------------------------------------------------------+--------------------+--------------------+
; Top-level entity name                                                           ; cpu                ; mp3                ;
; Family name                                                                     ; Stratix III        ; Cyclone IV GX      ;
; Use smart compilation                                                           ; Off                ; Off                ;
; Enable parallel Assembler and TimeQuest Timing Analyzer during compilation      ; On                 ; On                 ;
; Enable compact report table                                                     ; Off                ; Off                ;
; Restructure Multiplexers                                                        ; Auto               ; Auto               ;
; MLAB Add Timing Constraints For Mixed-Port Feed-Through Mode Setting Don't Care ; Off                ; Off                ;
; Create Debugging Nodes for IP Cores                                             ; Off                ; Off                ;
; Preserve fewer node names                                                       ; On                 ; On                 ;
; Disable OpenCore Plus hardware evaluation                                       ; Off                ; Off                ;
; Verilog Version                                                                 ; Verilog_2001       ; Verilog_2001       ;
; VHDL Version                                                                    ; VHDL_1993          ; VHDL_1993          ;
; State Machine Processing                                                        ; Auto               ; Auto               ;
; Safe State Machine                                                              ; Off                ; Off                ;
; Extract Verilog State Machines                                                  ; On                 ; On                 ;
; Extract VHDL State Machines                                                     ; On                 ; On                 ;
; Ignore Verilog initial constructs                                               ; Off                ; Off                ;
; Iteration limit for constant Verilog loops                                      ; 5000               ; 5000               ;
; Iteration limit for non-constant Verilog loops                                  ; 250                ; 250                ;
; Add Pass-Through Logic to Inferred RAMs                                         ; On                 ; On                 ;
; Infer RAMs from Raw Logic                                                       ; On                 ; On                 ;
; Parallel Synthesis                                                              ; On                 ; On                 ;
; DSP Block Balancing                                                             ; Auto               ; Auto               ;
; NOT Gate Push-Back                                                              ; On                 ; On                 ;
; Power-Up Don't Care                                                             ; On                 ; On                 ;
; Remove Redundant Logic Cells                                                    ; Off                ; Off                ;
; Remove Duplicate Registers                                                      ; On                 ; On                 ;
; Ignore CARRY Buffers                                                            ; Off                ; Off                ;
; Ignore CASCADE Buffers                                                          ; Off                ; Off                ;
; Ignore GLOBAL Buffers                                                           ; Off                ; Off                ;
; Ignore ROW GLOBAL Buffers                                                       ; Off                ; Off                ;
; Ignore LCELL Buffers                                                            ; Off                ; Off                ;
; Ignore SOFT Buffers                                                             ; On                 ; On                 ;
; Limit AHDL Integers to 32 Bits                                                  ; Off                ; Off                ;
; Optimization Technique                                                          ; Balanced           ; Balanced           ;
; Carry Chain Length                                                              ; 70                 ; 70                 ;
; Auto Carry Chains                                                               ; On                 ; On                 ;
; Auto Open-Drain Pins                                                            ; On                 ; On                 ;
; Perform WYSIWYG Primitive Resynthesis                                           ; Off                ; Off                ;
; Auto ROM Replacement                                                            ; On                 ; On                 ;
; Auto RAM Replacement                                                            ; On                 ; On                 ;
; Auto DSP Block Replacement                                                      ; On                 ; On                 ;
; Auto Shift Register Replacement                                                 ; Auto               ; Auto               ;
; Allow Shift Register Merging across Hierarchies                                 ; Auto               ; Auto               ;
; Auto Clock Enable Replacement                                                   ; On                 ; On                 ;
; Strict RAM Replacement                                                          ; Off                ; Off                ;
; Allow Synchronous Control Signals                                               ; On                 ; On                 ;
; Force Use of Synchronous Clear Signals                                          ; Off                ; Off                ;
; Auto RAM Block Balancing                                                        ; On                 ; On                 ;
; Auto RAM to Logic Cell Conversion                                               ; Off                ; Off                ;
; Auto Resource Sharing                                                           ; Off                ; Off                ;
; Allow Any RAM Size For Recognition                                              ; Off                ; Off                ;
; Allow Any ROM Size For Recognition                                              ; Off                ; Off                ;
; Allow Any Shift Register Size For Recognition                                   ; Off                ; Off                ;
; Use LogicLock Constraints during Resource Balancing                             ; On                 ; On                 ;
; Ignore translate_off and synthesis_off directives                               ; Off                ; Off                ;
; Timing-Driven Synthesis                                                         ; On                 ; On                 ;
; Report Parameter Settings                                                       ; On                 ; On                 ;
; Report Source Assignments                                                       ; On                 ; On                 ;
; Report Connectivity Checks                                                      ; On                 ; On                 ;
; Ignore Maximum Fan-Out Assignments                                              ; Off                ; Off                ;
; Synchronization Register Chain Length                                           ; 2                  ; 2                  ;
; PowerPlay Power Optimization                                                    ; Normal compilation ; Normal compilation ;
; HDL message level                                                               ; Level2             ; Level2             ;
; Suppress Register Optimization Related Messages                                 ; Off                ; Off                ;
; Number of Removed Registers Reported in Synthesis Report                        ; 5000               ; 5000               ;
; Number of Swept Nodes Reported in Synthesis Report                              ; 5000               ; 5000               ;
; Number of Inverted Registers Reported in Synthesis Report                       ; 100                ; 100                ;
; Clock MUX Protection                                                            ; On                 ; On                 ;
; Auto Gated Clock Conversion                                                     ; Off                ; Off                ;
; Block Design Naming                                                             ; Auto               ; Auto               ;
; SDC constraint protection                                                       ; Off                ; Off                ;
; Synthesis Effort                                                                ; Auto               ; Auto               ;
; Shift Register Replacement - Allow Asynchronous Clear Signal                    ; On                 ; On                 ;
; Pre-Mapping Resynthesis Optimization                                            ; Off                ; Off                ;
; Analysis & Synthesis Message Level                                              ; Medium             ; Medium             ;
; Disable Register Merging Across Hierarchies                                     ; Auto               ; Auto               ;
; Resource Aware Inference For Block RAM                                          ; On                 ; On                 ;
; Synthesis Seed                                                                  ; 1                  ; 1                  ;
+---------------------------------------------------------------------------------+--------------------+--------------------+


+------------------------------------------+
; Parallel Compilation                     ;
+----------------------------+-------------+
; Processors                 ; Number      ;
+----------------------------+-------------+
; Number detected on machine ; 8           ;
; Maximum allowed            ; 4           ;
;                            ;             ;
; Average used               ; 1.00        ;
; Maximum used               ; 2           ;
;                            ;             ;
; Usage by Processor         ; % Time Used ;
;     Processor 1            ; 100.0%      ;
;     Processor 2            ; < 0.1%      ;
;     Processors 3-8         ;   0.0%      ;
+----------------------------+-------------+


+----------------------------------------------------------------------------------------------------------------------------------------------+
; Analysis & Synthesis Source Files Read                                                                                                       ;
+----------------------------------+-----------------+------------------------------+------------------------------------------------+---------+
; File Name with User-Entered Path ; Used in Netlist ; File Type                    ; File Name with Absolute Path                   ; Library ;
+----------------------------------+-----------------+------------------------------+------------------------------------------------+---------+
; wishbone_interface.sv            ; yes             ; User SystemVerilog HDL File  ; /home/cblong2/ece411/mp3/wishbone_interface.sv ;         ;
; wishbone.sv                      ; yes             ; User SystemVerilog HDL File  ; /home/cblong2/ece411/mp3/wishbone.sv           ;         ;
; register.sv                      ; yes             ; User SystemVerilog HDL File  ; /home/cblong2/ece411/mp3/register.sv           ;         ;
; regfile.sv                       ; yes             ; User SystemVerilog HDL File  ; /home/cblong2/ece411/mp3/regfile.sv            ;         ;
; plus2.sv                         ; yes             ; User SystemVerilog HDL File  ; /home/cblong2/ece411/mp3/plus2.sv              ;         ;
; mux2.sv                          ; yes             ; User SystemVerilog HDL File  ; /home/cblong2/ece411/mp3/mux2.sv               ;         ;
; memwb.sv                         ; yes             ; User SystemVerilog HDL File  ; /home/cblong2/ece411/mp3/memwb.sv              ;         ;
; lc3b_types.sv                    ; yes             ; User SystemVerilog HDL File  ; /home/cblong2/ece411/mp3/lc3b_types.sv         ;         ;
; ifid.sv                          ; yes             ; User SystemVerilog HDL File  ; /home/cblong2/ece411/mp3/ifid.sv               ;         ;
; idex.sv                          ; yes             ; User SystemVerilog HDL File  ; /home/cblong2/ece411/mp3/idex.sv               ;         ;
; gencc.sv                         ; yes             ; User SystemVerilog HDL File  ; /home/cblong2/ece411/mp3/gencc.sv              ;         ;
; exmem.sv                         ; yes             ; User SystemVerilog HDL File  ; /home/cblong2/ece411/mp3/exmem.sv              ;         ;
; cpu_datapath.sv                  ; yes             ; User SystemVerilog HDL File  ; /home/cblong2/ece411/mp3/cpu_datapath.sv       ;         ;
; cpu.sv                           ; yes             ; User SystemVerilog HDL File  ; /home/cblong2/ece411/mp3/cpu.sv                ;         ;
; control_rom.sv                   ; yes             ; User SystemVerilog HDL File  ; /home/cblong2/ece411/mp3/control_rom.sv        ;         ;
; cccomp.sv                        ; yes             ; User SystemVerilog HDL File  ; /home/cblong2/ece411/mp3/cccomp.sv             ;         ;
; alu.sv                           ; yes             ; User SystemVerilog HDL File  ; /home/cblong2/ece411/mp3/alu.sv                ;         ;
; adj.sv                           ; yes             ; User SystemVerilog HDL File  ; /home/cblong2/ece411/mp3/adj.sv                ;         ;
+----------------------------------+-----------------+------------------------------+------------------------------------------------+---------+


+------------------------------------------------------------------+
; Analysis & Synthesis Resource Usage Summary                      ;
+-----------------------------------------------+------------------+
; Resource                                      ; Usage            ;
+-----------------------------------------------+------------------+
; Estimated ALUTs Used                          ; 465              ;
;     -- Combinational ALUTs                    ; 465              ;
;     -- Memory ALUTs                           ; 0                ;
;     -- LUT_REGs                               ; 0                ;
; Dedicated logic registers                     ; 416              ;
;                                               ;                  ;
; Estimated ALUTs Unavailable                   ; 106              ;
;     -- Due to unpartnered combinational logic ; 106              ;
;     -- Due to Memory ALUTs                    ; 0                ;
;                                               ;                  ;
; Total combinational functions                 ; 465              ;
; Combinational ALUT usage by number of inputs  ;                  ;
;     -- 7 input functions                      ; 87               ;
;     -- 6 input functions                      ; 213              ;
;     -- 5 input functions                      ; 31               ;
;     -- 4 input functions                      ; 44               ;
;     -- <=3 input functions                    ; 90               ;
;                                               ;                  ;
; Combinational ALUTs by mode                   ;                  ;
;     -- normal mode                            ; 347              ;
;     -- extended LUT mode                      ; 87               ;
;     -- arithmetic mode                        ; 31               ;
;     -- shared arithmetic mode                 ; 0                ;
;                                               ;                  ;
; Estimated ALUT/register pairs used            ; 806              ;
;                                               ;                  ;
; Total registers                               ; 416              ;
;     -- Dedicated logic registers              ; 416              ;
;     -- I/O registers                          ; 0                ;
;     -- LUT_REGs                               ; 0                ;
;                                               ;                  ;
;                                               ;                  ;
; I/O pins                                      ; 580              ;
; DSP block 18-bit elements                     ; 0                ;
; Maximum fan-out node                          ; ifetch.CLK~input ;
; Maximum fan-out                               ; 416              ;
; Total fan-out                                 ; 4565             ;
; Average fan-out                               ; 2.24             ;
+-----------------------------------------------+------------------+


+----------------------------------------------------------------------------------------------------------------------------------------------------------------------------------------------------------------------------------------------+
; Analysis & Synthesis Resource Utilization by Entity                                                                                                                                                                                          ;
+-----------------------------------------+-------------------+--------------+-------------------+--------------+---------+-----------+-----------+-----------+------+--------------+-------------------------------------------+--------------+
; Compilation Hierarchy Node              ; LC Combinationals ; LC Registers ; Block Memory Bits ; DSP Elements ; DSP 9x9 ; DSP 12x12 ; DSP 18x18 ; DSP 36x36 ; Pins ; Virtual Pins ; Full Hierarchy Name                       ; Library Name ;
+-----------------------------------------+-------------------+--------------+-------------------+--------------+---------+-----------+-----------+-----------+------+--------------+-------------------------------------------+--------------+
; |cpu                                    ; 465 (0)           ; 416 (0)      ; 0                 ; 0            ; 0       ; 0         ; 0         ; 0         ; 580  ; 0            ; |cpu                                      ; work         ;
;    |cpu_datapath:cd|                    ; 281 (17)          ; 416 (0)      ; 0                 ; 0            ; 0       ; 0         ; 0         ; 0         ; 0    ; 0            ; |cpu|cpu_datapath:cd                      ; work         ;
;       |alu:ALU|                         ; 32 (32)           ; 0 (0)        ; 0                 ; 0            ; 0       ; 0         ; 0         ; 0         ; 0    ; 0            ; |cpu|cpu_datapath:cd|alu:ALU              ; work         ;
;       |cccomp:CCCOMP|                   ; 1 (1)             ; 0 (0)        ; 0                 ; 0            ; 0       ; 0         ; 0         ; 0         ; 0    ; 0            ; |cpu|cpu_datapath:cd|cccomp:CCCOMP        ; work         ;
;       |control_rom:cr|                  ; 8 (8)             ; 0 (0)        ; 0                 ; 0            ; 0       ; 0         ; 0         ; 0         ; 0    ; 0            ; |cpu|cpu_datapath:cd|control_rom:cr       ; work         ;
;       |exmem:exmem_register|            ; 1 (1)             ; 65 (65)      ; 0                 ; 0            ; 0       ; 0         ; 0         ; 0         ; 0    ; 0            ; |cpu|cpu_datapath:cd|exmem:exmem_register ; work         ;
;       |gencc:Gencc|                     ; 7 (7)             ; 0 (0)        ; 0                 ; 0            ; 0       ; 0         ; 0         ; 0         ; 0    ; 0            ; |cpu|cpu_datapath:cd|gencc:Gencc          ; work         ;
;       |idex:idex_register|              ; 2 (2)             ; 85 (85)      ; 0                 ; 0            ; 0       ; 0         ; 0         ; 0         ; 0    ; 0            ; |cpu|cpu_datapath:cd|idex:idex_register   ; work         ;
;       |ifid:ifid_register|              ; 39 (39)           ; 37 (37)      ; 0                 ; 0            ; 0       ; 0         ; 0         ; 0         ; 0    ; 0            ; |cpu|cpu_datapath:cd|ifid:ifid_register   ; work         ;
;       |memwb:memwb_register|            ; 4 (4)             ; 51 (51)      ; 0                 ; 0            ; 0       ; 0         ; 0         ; 0         ; 0    ; 0            ; |cpu|cpu_datapath:cd|memwb:memwb_register ; work         ;
;       |mux2:mdrmux|                     ; 72 (72)           ; 0 (0)        ; 0                 ; 0            ; 0       ; 0         ; 0         ; 0         ; 0    ; 0            ; |cpu|cpu_datapath:cd|mux2:mdrmux          ; work         ;
;       |mux2:refgilemux|                 ; 16 (16)           ; 0 (0)        ; 0                 ; 0            ; 0       ; 0         ; 0         ; 0         ; 0    ; 0            ; |cpu|cpu_datapath:cd|mux2:refgilemux      ; work         ;
;       |mux2:storemux|                   ; 3 (3)             ; 0 (0)        ; 0                 ; 0            ; 0       ; 0         ; 0         ; 0         ; 0    ; 0            ; |cpu|cpu_datapath:cd|mux2:storemux        ; work         ;
;       |regfile:r|                       ; 72 (72)           ; 128 (128)    ; 0                 ; 0            ; 0       ; 0         ; 0         ; 0         ; 0    ; 0            ; |cpu|cpu_datapath:cd|regfile:r            ; work         ;
;       |register:CC|                     ; 0 (0)             ; 3 (3)        ; 0                 ; 0            ; 0       ; 0         ; 0         ; 0         ; 0    ; 0            ; |cpu|cpu_datapath:cd|register:CC          ; work         ;
;       |register:MAR|                    ; 0 (0)             ; 16 (16)      ; 0                 ; 0            ; 0       ; 0         ; 0         ; 0         ; 0    ; 0            ; |cpu|cpu_datapath:cd|register:MAR         ; work         ;
;       |register:MDR|                    ; 7 (7)             ; 16 (16)      ; 0                 ; 0            ; 0       ; 0         ; 0         ; 0         ; 0    ; 0            ; |cpu|cpu_datapath:cd|register:MDR         ; work         ;
;       |register:pc|                     ; 0 (0)             ; 15 (15)      ; 0                 ; 0            ; 0       ; 0         ; 0         ; 0         ; 0    ; 0            ; |cpu|cpu_datapath:cd|register:pc          ; work         ;
;    |wishbone_interface:data_interface|  ; 168 (168)         ; 0 (0)        ; 0                 ; 0            ; 0       ; 0         ; 0         ; 0         ; 0    ; 0            ; |cpu|wishbone_interface:data_interface    ; work         ;
;    |wishbone_interface:instr_interface| ; 16 (16)           ; 0 (0)        ; 0                 ; 0            ; 0       ; 0         ; 0         ; 0         ; 0    ; 0            ; |cpu|wishbone_interface:instr_interface   ; work         ;
+-----------------------------------------+-------------------+--------------+-------------------+--------------+---------+-----------+-----------+-----------+------+--------------+-------------------------------------------+--------------+
Note: For table entries with two numbers listed, the numbers in parentheses indicate the number of resources of the given type used by the specific entity alone. The numbers listed outside of parentheses indicate the total resources of the given type used by the specific entity and all of its sub-entities in the hierarchy.


+--------------------------------------------------------------------------------------------------------------------------------------------------+
; Registers Removed During Synthesis                                                                                                               ;
+-------------------------------------------------------------------+------------------------------------------------------------------------------+
; Register name                                                     ; Reason for Removal                                                           ;
+-------------------------------------------------------------------+------------------------------------------------------------------------------+
; cpu_datapath:cd|idex:idex_register|offset9_out[0]                 ; Stuck at GND due to stuck port data_in                                       ;
; cpu_datapath:cd|idex:idex_register|offset6_out[0]                 ; Stuck at GND due to stuck port data_in                                       ;
; cpu_datapath:cd|exmem:exmem_register|offset9_out[0]               ; Stuck at GND due to stuck port data_in                                       ;
; cpu_datapath:cd|ifid:ifid_register|ctrl_word_out.marmux_sel       ; Stuck at GND due to stuck port data_in                                       ;
; cpu_datapath:cd|ifid:ifid_register|ctrl_word_out.storemux_sel     ; Stuck at GND due to stuck port data_in                                       ;
; cpu_datapath:cd|ifid:ifid_register|ctrl_word_out.offsetmux_sel    ; Stuck at GND due to stuck port data_in                                       ;
; cpu_datapath:cd|ifid:ifid_register|ctrl_word_out.aluop[2,3]       ; Stuck at GND due to stuck port data_in                                       ;
; cpu_datapath:cd|idex:idex_register|ctrl_word_out.aluop[2,3]       ; Stuck at GND due to stuck port data_in                                       ;
; cpu_datapath:cd|idex:idex_register|ctrl_word_out.offsetmux_sel    ; Stuck at GND due to stuck port data_in                                       ;
; cpu_datapath:cd|idex:idex_register|ctrl_word_out.marmux_sel       ; Stuck at GND due to stuck port data_in                                       ;
; cpu_datapath:cd|exmem:exmem_register|ctrl_word_out.offsetmux_sel  ; Stuck at GND due to stuck port data_in                                       ;
; cpu_datapath:cd|exmem:exmem_register|ctrl_word_out.marmux_sel     ; Stuck at GND due to stuck port data_in                                       ;
; cpu_datapath:cd|ifid:ifid_register|load_pc                        ; Merged with cpu_datapath:cd|exmem:exmem_register|ready                       ;
; cpu_datapath:cd|idex:idex_register|read_source                    ; Merged with cpu_datapath:cd|exmem:exmem_register|ready                       ;
; cpu_datapath:cd|idex:idex_register|offset9_out[10..15]            ; Merged with cpu_datapath:cd|idex:idex_register|offset9_out[9]                ;
; cpu_datapath:cd|idex:idex_register|offset6_out[7..15]             ; Merged with cpu_datapath:cd|idex:idex_register|offset6_out[6]                ;
; cpu_datapath:cd|exmem:exmem_register|offset9_out[10..15]          ; Merged with cpu_datapath:cd|exmem:exmem_register|offset9_out[9]              ;
; cpu_datapath:cd|ifid:ifid_register|offset11[10]                   ; Merged with cpu_datapath:cd|ifid:ifid_register|dest[1]                       ;
; cpu_datapath:cd|memwb:memwb_register|offset9_out[9,11..15]        ; Merged with cpu_datapath:cd|memwb:memwb_register|offset9_out[10]             ;
; cpu_datapath:cd|memwb:memwb_register|offset9_out[0]               ; Merged with cpu_datapath:cd|memwb:memwb_register|ctrl_word_out.offsetmux_sel ;
; cpu_datapath:cd|ifid:ifid_register|offset11[9]                    ; Merged with cpu_datapath:cd|ifid:ifid_register|dest[0]                       ;
; cpu_datapath:cd|ifid:ifid_register|offset9[8]                     ; Merged with cpu_datapath:cd|ifid:ifid_register|offset11[8]                   ;
; cpu_datapath:cd|ifid:ifid_register|src1[2]                        ; Merged with cpu_datapath:cd|ifid:ifid_register|offset11[8]                   ;
; cpu_datapath:cd|ifid:ifid_register|offset9[7]                     ; Merged with cpu_datapath:cd|ifid:ifid_register|offset11[7]                   ;
; cpu_datapath:cd|ifid:ifid_register|src1[1]                        ; Merged with cpu_datapath:cd|ifid:ifid_register|offset11[7]                   ;
; cpu_datapath:cd|ifid:ifid_register|offset9[6]                     ; Merged with cpu_datapath:cd|ifid:ifid_register|offset11[6]                   ;
; cpu_datapath:cd|ifid:ifid_register|src1[0]                        ; Merged with cpu_datapath:cd|ifid:ifid_register|offset11[6]                   ;
; cpu_datapath:cd|ifid:ifid_register|offset6[5]                     ; Merged with cpu_datapath:cd|ifid:ifid_register|offset11[5]                   ;
; cpu_datapath:cd|ifid:ifid_register|offset9[5]                     ; Merged with cpu_datapath:cd|ifid:ifid_register|offset11[5]                   ;
; cpu_datapath:cd|ifid:ifid_register|offset6[4]                     ; Merged with cpu_datapath:cd|ifid:ifid_register|offset11[4]                   ;
; cpu_datapath:cd|ifid:ifid_register|offset9[4]                     ; Merged with cpu_datapath:cd|ifid:ifid_register|offset11[4]                   ;
; cpu_datapath:cd|ifid:ifid_register|offset6[3]                     ; Merged with cpu_datapath:cd|ifid:ifid_register|offset11[3]                   ;
; cpu_datapath:cd|ifid:ifid_register|offset9[3]                     ; Merged with cpu_datapath:cd|ifid:ifid_register|offset11[3]                   ;
; cpu_datapath:cd|ifid:ifid_register|offset6[2]                     ; Merged with cpu_datapath:cd|ifid:ifid_register|offset11[2]                   ;
; cpu_datapath:cd|ifid:ifid_register|offset9[2]                     ; Merged with cpu_datapath:cd|ifid:ifid_register|offset11[2]                   ;
; cpu_datapath:cd|ifid:ifid_register|src2[2]                        ; Merged with cpu_datapath:cd|ifid:ifid_register|offset11[2]                   ;
; cpu_datapath:cd|ifid:ifid_register|offset6[1]                     ; Merged with cpu_datapath:cd|ifid:ifid_register|offset11[1]                   ;
; cpu_datapath:cd|ifid:ifid_register|offset9[1]                     ; Merged with cpu_datapath:cd|ifid:ifid_register|offset11[1]                   ;
; cpu_datapath:cd|ifid:ifid_register|src2[1]                        ; Merged with cpu_datapath:cd|ifid:ifid_register|offset11[1]                   ;
; cpu_datapath:cd|ifid:ifid_register|offset6[0]                     ; Merged with cpu_datapath:cd|ifid:ifid_register|offset11[0]                   ;
; cpu_datapath:cd|ifid:ifid_register|offset9[0]                     ; Merged with cpu_datapath:cd|ifid:ifid_register|offset11[0]                   ;
; cpu_datapath:cd|ifid:ifid_register|src2[0]                        ; Merged with cpu_datapath:cd|ifid:ifid_register|offset11[0]                   ;
; cpu_datapath:cd|memwb:memwb_register|ctrl_word_out.pcmux_sel      ; Merged with cpu_datapath:cd|memwb:memwb_register|ctrl_word_out.load_pc       ;
; cpu_datapath:cd|idex:idex_register|offset9_out[6]                 ; Merged with cpu_datapath:cd|idex:idex_register|offset6_out[6]                ;
; cpu_datapath:cd|idex:idex_register|offset9_out[5]                 ; Merged with cpu_datapath:cd|idex:idex_register|offset6_out[5]                ;
; cpu_datapath:cd|idex:idex_register|offset9_out[4]                 ; Merged with cpu_datapath:cd|idex:idex_register|offset6_out[4]                ;
; cpu_datapath:cd|idex:idex_register|offset9_out[3]                 ; Merged with cpu_datapath:cd|idex:idex_register|offset6_out[3]                ;
; cpu_datapath:cd|idex:idex_register|offset9_out[2]                 ; Merged with cpu_datapath:cd|idex:idex_register|offset6_out[2]                ;
; cpu_datapath:cd|idex:idex_register|offset9_out[1]                 ; Merged with cpu_datapath:cd|idex:idex_register|offset6_out[1]                ;
; cpu_datapath:cd|exmem:exmem_register|ctrl_word_out.mem_read       ; Merged with cpu_datapath:cd|exmem:exmem_register|ctrl_word_out.mdrmux_sel    ;
; cpu_datapath:cd|exmem:exmem_register|ctrl_word_out.regfilemux_sel ; Merged with cpu_datapath:cd|exmem:exmem_register|ctrl_word_out.mdrmux_sel    ;
; cpu_datapath:cd|exmem:exmem_register|ctrl_word_out.pcmux_sel      ; Merged with cpu_datapath:cd|exmem:exmem_register|ctrl_word_out.load_pc       ;
; cpu_datapath:cd|idex:idex_register|ctrl_word_out.pcmux_sel        ; Merged with cpu_datapath:cd|idex:idex_register|ctrl_word_out.load_pc         ;
; cpu_datapath:cd|ifid:ifid_register|ctrl_word_out.pcmux_sel        ; Merged with cpu_datapath:cd|ifid:ifid_register|ctrl_word_out.load_pc         ;
; cpu_datapath:cd|ifid:ifid_register|ctrl_word_out.mem_read         ; Merged with cpu_datapath:cd|ifid:ifid_register|ctrl_word_out.mdrmux_sel      ;
; cpu_datapath:cd|ifid:ifid_register|ctrl_word_out.regfilemux_sel   ; Merged with cpu_datapath:cd|ifid:ifid_register|ctrl_word_out.mdrmux_sel      ;
; cpu_datapath:cd|idex:idex_register|ctrl_word_out.mem_read         ; Merged with cpu_datapath:cd|idex:idex_register|ctrl_word_out.mdrmux_sel      ;
; cpu_datapath:cd|idex:idex_register|ctrl_word_out.regfilemux_sel   ; Merged with cpu_datapath:cd|idex:idex_register|ctrl_word_out.mdrmux_sel      ;
; cpu_datapath:cd|memwb:memwb_register|data_request                 ; Stuck at GND due to stuck port data_in                                       ;
; cpu_datapath:cd|memwb:memwb_register|ctrl_word_out.offsetmux_sel  ; Stuck at GND due to stuck port data_in                                       ;
; cpu_datapath:cd|ifid:ifid_register|pc[0]                          ; Stuck at GND due to stuck port data_in                                       ;
; cpu_datapath:cd|idex:idex_register|pc[0]                          ; Stuck at GND due to stuck port data_in                                       ;
; cpu_datapath:cd|exmem:exmem_register|pc[0]                        ; Stuck at GND due to stuck port data_in                                       ;
; cpu_datapath:cd|memwb:memwb_register|pc[0]                        ; Stuck at GND due to stuck port data_in                                       ;
; cpu_datapath:cd|register:pc|data[0]                               ; Stuck at GND due to stuck port data_in                                       ;
; Total Number of Removed Registers = 90                            ;                                                                              ;
+-------------------------------------------------------------------+------------------------------------------------------------------------------+


+------------------------------------------------------------------------------------------------------------------------------------------------------------------------------+
; Removed Registers Triggering Further Register Optimizations                                                                                                                  ;
+----------------------------------------------------------------+---------------------------+---------------------------------------------------------------------------------+
; Register name                                                  ; Reason for Removal        ; Registers Removed due to This Register                                          ;
+----------------------------------------------------------------+---------------------------+---------------------------------------------------------------------------------+
; cpu_datapath:cd|ifid:ifid_register|pc[0]                       ; Stuck at GND              ; cpu_datapath:cd|idex:idex_register|pc[0],                                       ;
;                                                                ; due to stuck port data_in ; cpu_datapath:cd|exmem:exmem_register|pc[0],                                     ;
;                                                                ;                           ; cpu_datapath:cd|memwb:memwb_register|pc[0], cpu_datapath:cd|register:pc|data[0] ;
; cpu_datapath:cd|ifid:ifid_register|ctrl_word_out.offsetmux_sel ; Stuck at GND              ; cpu_datapath:cd|idex:idex_register|ctrl_word_out.offsetmux_sel,                 ;
;                                                                ; due to stuck port data_in ; cpu_datapath:cd|exmem:exmem_register|ctrl_word_out.offsetmux_sel,               ;
;                                                                ;                           ; cpu_datapath:cd|memwb:memwb_register|ctrl_word_out.offsetmux_sel                ;
; cpu_datapath:cd|ifid:ifid_register|ctrl_word_out.marmux_sel    ; Stuck at GND              ; cpu_datapath:cd|idex:idex_register|ctrl_word_out.marmux_sel,                    ;
;                                                                ; due to stuck port data_in ; cpu_datapath:cd|exmem:exmem_register|ctrl_word_out.marmux_sel                   ;
; cpu_datapath:cd|idex:idex_register|offset9_out[0]              ; Stuck at GND              ; cpu_datapath:cd|exmem:exmem_register|offset9_out[0]                             ;
;                                                                ; due to stuck port data_in ;                                                                                 ;
; cpu_datapath:cd|ifid:ifid_register|ctrl_word_out.aluop[2]      ; Stuck at GND              ; cpu_datapath:cd|idex:idex_register|ctrl_word_out.aluop[2]                       ;
;                                                                ; due to stuck port data_in ;                                                                                 ;
; cpu_datapath:cd|ifid:ifid_register|ctrl_word_out.aluop[3]      ; Stuck at GND              ; cpu_datapath:cd|idex:idex_register|ctrl_word_out.aluop[3]                       ;
;                                                                ; due to stuck port data_in ;                                                                                 ;
+----------------------------------------------------------------+---------------------------+---------------------------------------------------------------------------------+


+------------------------------------------------------+
; General Register Statistics                          ;
+----------------------------------------------+-------+
; Statistic                                    ; Value ;
+----------------------------------------------+-------+
; Total registers                              ; 416   ;
; Number of registers using Synchronous Clear  ; 17    ;
; Number of registers using Synchronous Load   ; 17    ;
; Number of registers using Asynchronous Clear ; 0     ;
; Number of registers using Asynchronous Load  ; 0     ;
; Number of registers using Clock Enable       ; 409   ;
; Number of registers using Preset             ; 0     ;
+----------------------------------------------+-------+


+------------------------------------------------------------------------------------------------------------------------------------------------------------------------+
; Multiplexer Restructuring Statistics (Restructuring Performed)                                                                                                         ;
+--------------------+-----------+---------------+----------------------+------------------------+------------+----------------------------------------------------------+
; Multiplexer Inputs ; Bus Width ; Baseline Area ; Area if Restructured ; Saving if Restructured ; Registered ; Example Multiplexer Output                               ;
+--------------------+-----------+---------------+----------------------+------------------------+------------+----------------------------------------------------------+
; 4:1                ; 49 bits   ; 98 ALUTs      ; 0 ALUTs              ; 98 ALUTs               ; Yes        ; |cpu|cpu_datapath:cd|memwb:memwb_register|wb_alu_out[10] ;
; 13:1               ; 8 bits    ; 64 ALUTs      ; 56 ALUTs             ; 8 ALUTs                ; Yes        ; |cpu|cpu_datapath:cd|register:MDR|data[12]               ;
; 13:1               ; 8 bits    ; 64 ALUTs      ; 64 ALUTs             ; 0 ALUTs                ; Yes        ; |cpu|cpu_datapath:cd|register:MDR|data[7]                ;
; 14:1               ; 4 bits    ; 36 ALUTs      ; 32 ALUTs             ; 4 ALUTs                ; Yes        ; |cpu|cpu_datapath:cd|ifid:ifid_register|offset11[8]      ;
; 14:1               ; 8 bits    ; 72 ALUTs      ; 64 ALUTs             ; 8 ALUTs                ; Yes        ; |cpu|cpu_datapath:cd|ifid:ifid_register|offset11[7]      ;
; 3:1                ; 11 bits   ; 22 ALUTs      ; 22 ALUTs             ; 0 ALUTs                ; No         ; |cpu|cpu_datapath:cd|Add0                                ;
; 4:1                ; 9 bits    ; 18 ALUTs      ; 18 ALUTs             ; 0 ALUTs                ; No         ; |cpu|wishbone_interface:data_interface|ShiftLeft0        ;
; 4:1                ; 8 bits    ; 16 ALUTs      ; 16 ALUTs             ; 0 ALUTs                ; No         ; |cpu|wishbone_interface:data_interface|ShiftLeft1        ;
; 4:1                ; 16 bits   ; 32 ALUTs      ; 32 ALUTs             ; 0 ALUTs                ; No         ; |cpu|cpu_datapath:cd|alu:ALU|Selector8                   ;
; 12:1               ; 4 bits    ; 32 ALUTs      ; 32 ALUTs             ; 0 ALUTs                ; No         ; |cpu|wishbone_interface:instr_interface|ShiftRight0      ;
+--------------------+-----------+---------------+----------------------+------------------------+------------+----------------------------------------------------------+


+--------------------------------------------------------------------------+
; Parameter Settings for User Entity Instance: cpu_datapath:cd|register:pc ;
+----------------+-------+-------------------------------------------------+
; Parameter Name ; Value ; Type                                            ;
+----------------+-------+-------------------------------------------------+
; width          ; 16    ; Signed Integer                                  ;
+----------------+-------+-------------------------------------------------+
Note: In order to hide this table in the UI and the text report file, please set the "Show Parameter Settings in Synthesis Report" option in "Analysis and Synthesis Settings -> More Settings" to "Off".


+-------------------------------------------------------------------------+
; Parameter Settings for User Entity Instance: cpu_datapath:cd|mux2:pcmux ;
+----------------+-------+------------------------------------------------+
; Parameter Name ; Value ; Type                                           ;
+----------------+-------+------------------------------------------------+
; width          ; 16    ; Signed Integer                                 ;
+----------------+-------+------------------------------------------------+
Note: In order to hide this table in the UI and the text report file, please set the "Show Parameter Settings in Synthesis Report" option in "Analysis and Synthesis Settings -> More Settings" to "Off".


+-----------------------------------------------------------------------------+
; Parameter Settings for User Entity Instance: cpu_datapath:cd|plus2:pc_plus2 ;
+----------------+-------+----------------------------------------------------+
; Parameter Name ; Value ; Type                                               ;
+----------------+-------+----------------------------------------------------+
; width          ; 16    ; Signed Integer                                     ;
+----------------+-------+----------------------------------------------------+
Note: In order to hide this table in the UI and the text report file, please set the "Show Parameter Settings in Synthesis Report" option in "Analysis and Synthesis Settings -> More Settings" to "Off".


+-----------------------------------------------------------------------------+
; Parameter Settings for User Entity Instance: cpu_datapath:cd|mux2:offsetmux ;
+----------------+-------+----------------------------------------------------+
; Parameter Name ; Value ; Type                                               ;
+----------------+-------+----------------------------------------------------+
; width          ; 16    ; Signed Integer                                     ;
+----------------+-------+----------------------------------------------------+
Note: In order to hide this table in the UI and the text report file, please set the "Show Parameter Settings in Synthesis Report" option in "Analysis and Synthesis Settings -> More Settings" to "Off".


+------------------------------------------------------------------------+
; Parameter Settings for User Entity Instance: cpu_datapath:cd|adj:adj11 ;
+----------------+-------+-----------------------------------------------+
; Parameter Name ; Value ; Type                                          ;
+----------------+-------+-----------------------------------------------+
; width          ; 11    ; Signed Integer                                ;
+----------------+-------+-----------------------------------------------+
Note: In order to hide this table in the UI and the text report file, please set the "Show Parameter Settings in Synthesis Report" option in "Analysis and Synthesis Settings -> More Settings" to "Off".


+----------------------------------------------------------------------------+
; Parameter Settings for User Entity Instance: cpu_datapath:cd|mux2:storemux ;
+----------------+-------+---------------------------------------------------+
; Parameter Name ; Value ; Type                                              ;
+----------------+-------+---------------------------------------------------+
; width          ; 3     ; Signed Integer                                    ;
+----------------+-------+---------------------------------------------------+
Note: In order to hide this table in the UI and the text report file, please set the "Show Parameter Settings in Synthesis Report" option in "Analysis and Synthesis Settings -> More Settings" to "Off".


+-----------------------------------------------------------------------+
; Parameter Settings for User Entity Instance: cpu_datapath:cd|adj:adj6 ;
+----------------+-------+----------------------------------------------+
; Parameter Name ; Value ; Type                                         ;
+----------------+-------+----------------------------------------------+
; width          ; 6     ; Signed Integer                               ;
+----------------+-------+----------------------------------------------+
Note: In order to hide this table in the UI and the text report file, please set the "Show Parameter Settings in Synthesis Report" option in "Analysis and Synthesis Settings -> More Settings" to "Off".


+-----------------------------------------------------------------------+
; Parameter Settings for User Entity Instance: cpu_datapath:cd|adj:adj9 ;
+----------------+-------+----------------------------------------------+
; Parameter Name ; Value ; Type                                         ;
+----------------+-------+----------------------------------------------+
; width          ; 9     ; Signed Integer                               ;
+----------------+-------+----------------------------------------------+
Note: In order to hide this table in the UI and the text report file, please set the "Show Parameter Settings in Synthesis Report" option in "Analysis and Synthesis Settings -> More Settings" to "Off".


+--------------------------------------------------------------------------+
; Parameter Settings for User Entity Instance: cpu_datapath:cd|mux2:alumux ;
+----------------+-------+-------------------------------------------------+
; Parameter Name ; Value ; Type                                            ;
+----------------+-------+-------------------------------------------------+
; width          ; 16    ; Signed Integer                                  ;
+----------------+-------+-------------------------------------------------+
Note: In order to hide this table in the UI and the text report file, please set the "Show Parameter Settings in Synthesis Report" option in "Analysis and Synthesis Settings -> More Settings" to "Off".


+--------------------------------------------------------------------------+
; Parameter Settings for User Entity Instance: cpu_datapath:cd|mux2:mdrmux ;
+----------------+-------+-------------------------------------------------+
; Parameter Name ; Value ; Type                                            ;
+----------------+-------+-------------------------------------------------+
; width          ; 16    ; Signed Integer                                  ;
+----------------+-------+-------------------------------------------------+
Note: In order to hide this table in the UI and the text report file, please set the "Show Parameter Settings in Synthesis Report" option in "Analysis and Synthesis Settings -> More Settings" to "Off".


+--------------------------------------------------------------------------+
; Parameter Settings for User Entity Instance: cpu_datapath:cd|mux2:marmux ;
+----------------+-------+-------------------------------------------------+
; Parameter Name ; Value ; Type                                            ;
+----------------+-------+-------------------------------------------------+
; width          ; 16    ; Signed Integer                                  ;
+----------------+-------+-------------------------------------------------+
Note: In order to hide this table in the UI and the text report file, please set the "Show Parameter Settings in Synthesis Report" option in "Analysis and Synthesis Settings -> More Settings" to "Off".


+---------------------------------------------------------------------------+
; Parameter Settings for User Entity Instance: cpu_datapath:cd|register:MDR ;
+----------------+-------+--------------------------------------------------+
; Parameter Name ; Value ; Type                                             ;
+----------------+-------+--------------------------------------------------+
; width          ; 16    ; Signed Integer                                   ;
+----------------+-------+--------------------------------------------------+
Note: In order to hide this table in the UI and the text report file, please set the "Show Parameter Settings in Synthesis Report" option in "Analysis and Synthesis Settings -> More Settings" to "Off".


+---------------------------------------------------------------------------+
; Parameter Settings for User Entity Instance: cpu_datapath:cd|register:MAR ;
+----------------+-------+--------------------------------------------------+
; Parameter Name ; Value ; Type                                             ;
+----------------+-------+--------------------------------------------------+
; width          ; 16    ; Signed Integer                                   ;
+----------------+-------+--------------------------------------------------+
Note: In order to hide this table in the UI and the text report file, please set the "Show Parameter Settings in Synthesis Report" option in "Analysis and Synthesis Settings -> More Settings" to "Off".


+------------------------------------------------------------------------------+
; Parameter Settings for User Entity Instance: cpu_datapath:cd|mux2:refgilemux ;
+----------------+-------+-----------------------------------------------------+
; Parameter Name ; Value ; Type                                                ;
+----------------+-------+-----------------------------------------------------+
; width          ; 16    ; Signed Integer                                      ;
+----------------+-------+-----------------------------------------------------+
Note: In order to hide this table in the UI and the text report file, please set the "Show Parameter Settings in Synthesis Report" option in "Analysis and Synthesis Settings -> More Settings" to "Off".


+--------------------------------------------------------------------------+
; Parameter Settings for User Entity Instance: cpu_datapath:cd|register:CC ;
+----------------+-------+-------------------------------------------------+
; Parameter Name ; Value ; Type                                            ;
+----------------+-------+-------------------------------------------------+
; width          ; 3     ; Signed Integer                                  ;
+----------------+-------+-------------------------------------------------+
Note: In order to hide this table in the UI and the text report file, please set the "Show Parameter Settings in Synthesis Report" option in "Analysis and Synthesis Settings -> More Settings" to "Off".


+--------------------------------------------------------------------------------------------------------------------------------------+
; Port Connectivity Checks: "cpu_datapath:cd|memwb:memwb_register"                                                                     ;
+----------------------------+--------+----------+-------------------------------------------------------------------------------------+
; Port                       ; Type   ; Severity ; Details                                                                             ;
+----------------------------+--------+----------+-------------------------------------------------------------------------------------+
; ctrl_word_out.opcode       ; Output ; Info     ; Connected to dangling logic. Logic that only feeds a dangling port will be removed. ;
; ctrl_word_out.aluop        ; Output ; Info     ; Connected to dangling logic. Logic that only feeds a dangling port will be removed. ;
; ctrl_word_out.alumux_sel   ; Output ; Info     ; Connected to dangling logic. Logic that only feeds a dangling port will be removed. ;
; ctrl_word_out.mem_read     ; Output ; Info     ; Connected to dangling logic. Logic that only feeds a dangling port will be removed. ;
; ctrl_word_out.storemux_sel ; Output ; Info     ; Connected to dangling logic. Logic that only feeds a dangling port will be removed. ;
; ctrl_word_out.marmux_sel   ; Output ; Info     ; Connected to dangling logic. Logic that only feeds a dangling port will be removed. ;
; ctrl_word_out.mdrmux_sel   ; Output ; Info     ; Connected to dangling logic. Logic that only feeds a dangling port will be removed. ;
+----------------------------+--------+----------+-------------------------------------------------------------------------------------+


+--------------------------------------------------------------------------------------------------------------------+
; Port Connectivity Checks: "cpu_datapath:cd|idex:idex_register"                                                     ;
+----------+--------+----------+-------------------------------------------------------------------------------------+
; Port     ; Type   ; Severity ; Details                                                                             ;
+----------+--------+----------+-------------------------------------------------------------------------------------+
; imm5_out ; Output ; Info     ; Connected to dangling logic. Logic that only feeds a dangling port will be removed. ;
+----------+--------+----------+-------------------------------------------------------------------------------------+


+----------------------------------------------------------------------------------------------------------------+
; Port Connectivity Checks: "cpu_datapath:cd|adj:adj9"                                                           ;
+------+--------+----------+-------------------------------------------------------------------------------------+
; Port ; Type   ; Severity ; Details                                                                             ;
+------+--------+----------+-------------------------------------------------------------------------------------+
; out2 ; Output ; Info     ; Connected to dangling logic. Logic that only feeds a dangling port will be removed. ;
+------+--------+----------+-------------------------------------------------------------------------------------+


+----------------------------------------------------------------------------------------------------------------+
; Port Connectivity Checks: "cpu_datapath:cd|adj:adj6"                                                           ;
+------+--------+----------+-------------------------------------------------------------------------------------+
; Port ; Type   ; Severity ; Details                                                                             ;
+------+--------+----------+-------------------------------------------------------------------------------------+
; out2 ; Output ; Info     ; Connected to dangling logic. Logic that only feeds a dangling port will be removed. ;
+------+--------+----------+-------------------------------------------------------------------------------------+


+----------------------------------------------------------------------------------------------------------------+
; Port Connectivity Checks: "cpu_datapath:cd|adj:adj11"                                                          ;
+------+--------+----------+-------------------------------------------------------------------------------------+
; Port ; Type   ; Severity ; Details                                                                             ;
+------+--------+----------+-------------------------------------------------------------------------------------+
; out2 ; Output ; Info     ; Connected to dangling logic. Logic that only feeds a dangling port will be removed. ;
+------+--------+----------+-------------------------------------------------------------------------------------+


+------------------------------------------------------------------------------------------------------------------+
; Port Connectivity Checks: "wishbone_interface:data_interface"                                                    ;
+--------+--------+----------+-------------------------------------------------------------------------------------+
; Port   ; Type   ; Severity ; Details                                                                             ;
+--------+--------+----------+-------------------------------------------------------------------------------------+
; offset ; Output ; Info     ; Connected to dangling logic. Logic that only feeds a dangling port will be removed. ;
+--------+--------+----------+-------------------------------------------------------------------------------------+


+--------------------------------------------------------------------------------------------------------------------------+
; Port Connectivity Checks: "wishbone_interface:instr_interface"                                                           ;
+----------------+--------+----------+-------------------------------------------------------------------------------------+
; Port           ; Type   ; Severity ; Details                                                                             ;
+----------------+--------+----------+-------------------------------------------------------------------------------------+
; write_data_cpu ; Input  ; Info     ; Stuck at GND                                                                        ;
; write_data_mem ; Output ; Info     ; Explicitly unconnected                                                              ;
; offset         ; Output ; Info     ; Connected to dangling logic. Logic that only feeds a dangling port will be removed. ;
+----------------+--------+----------+-------------------------------------------------------------------------------------+


+-------------------------------+
; Elapsed Time Per Partition    ;
+----------------+--------------+
; Partition Name ; Elapsed Time ;
+----------------+--------------+
; Top            ; 00:00:01     ;
+----------------+--------------+


+-------------------------------+
; Analysis & Synthesis Messages ;
+-------------------------------+
Info: *******************************************************************
Info: Running Quartus II 32-bit Analysis & Synthesis
    Info: Version 13.1.4 Build 182 03/12/2014 SJ Full Version
    Info: Processing started: Sat Mar 10 16:05:41 2018
Info: Command: quartus_map --read_settings_files=on --write_settings_files=off mp3 -c mp3
Info (11104): Parallel Compilation has detected 8 hyper-threaded processors. However, the extra hyper-threaded processors will not be used by default. Parallel Compilation will use 4 of the 4 physical processors detected instead.
Info (12021): Found 1 design units, including 1 entities, in source file wishbone_interface.sv
    Info (12023): Found entity 1: wishbone_interface
Info (12021): Found 1 design units, including 1 entities, in source file wishbone.sv
    Info (12023): Found entity 1: wishbone
Info (12021): Found 1 design units, including 1 entities, in source file register.sv
    Info (12023): Found entity 1: register
Info (12021): Found 1 design units, including 1 entities, in source file regfile.sv
    Info (12023): Found entity 1: regfile
Info (12021): Found 1 design units, including 1 entities, in source file plus2.sv
    Info (12023): Found entity 1: plus2
Info (12021): Found 1 design units, including 1 entities, in source file mux4.sv
    Info (12023): Found entity 1: mux4
Info (12021): Found 1 design units, including 1 entities, in source file mux2.sv
    Info (12023): Found entity 1: mux2
Info (12021): Found 1 design units, including 1 entities, in source file mp3_tb.sv
    Info (12023): Found entity 1: mp3_tb
Info (12021): Found 1 design units, including 1 entities, in source file magic_memory_dual_port.sv
    Info (12023): Found entity 1: magic_memory
Info (12021): Found 1 design units, including 1 entities, in source file memwb.sv
    Info (12023): Found entity 1: memwb
Info (12021): Found 1 design units, including 0 entities, in source file lc3b_types.sv
    Info (12022): Found design unit 1: lc3b_types (SystemVerilog)
Info (12021): Found 1 design units, including 1 entities, in source file ifid.sv
    Info (12023): Found entity 1: ifid
Info (12021): Found 1 design units, including 1 entities, in source file idex.sv
    Info (12023): Found entity 1: idex
Info (12021): Found 1 design units, including 1 entities, in source file gencc.sv
    Info (12023): Found entity 1: gencc
Info (12021): Found 1 design units, including 1 entities, in source file exmem.sv
    Info (12023): Found entity 1: exmem
Info (12021): Found 1 design units, including 1 entities, in source file cpu_datapath.sv
    Info (12023): Found entity 1: cpu_datapath
Info (12021): Found 1 design units, including 1 entities, in source file cpu.sv
    Info (12023): Found entity 1: cpu
Info (12021): Found 1 design units, including 1 entities, in source file control_rom.sv
    Info (12023): Found entity 1: control_rom
Info (12021): Found 1 design units, including 1 entities, in source file cccomp.sv
    Info (12023): Found entity 1: cccomp
Info (12021): Found 1 design units, including 1 entities, in source file alu.sv
    Info (12023): Found entity 1: alu
Info (12021): Found 1 design units, including 1 entities, in source file adj.sv
    Info (12023): Found entity 1: adj
Info (12127): Elaborating entity "cpu" for the top level hierarchy
Info (12128): Elaborating entity "wishbone_interface" for hierarchy "wishbone_interface:instr_interface"
Info (12128): Elaborating entity "cpu_datapath" for hierarchy "cpu_datapath:cd"
Info (12128): Elaborating entity "register" for hierarchy "cpu_datapath:cd|register:pc"
Info (12128): Elaborating entity "mux2" for hierarchy "cpu_datapath:cd|mux2:pcmux"
Info (12128): Elaborating entity "plus2" for hierarchy "cpu_datapath:cd|plus2:pc_plus2"
Info (12128): Elaborating entity "adj" for hierarchy "cpu_datapath:cd|adj:adj11"
Info (12128): Elaborating entity "control_rom" for hierarchy "cpu_datapath:cd|control_rom:cr"
Info (12128): Elaborating entity "ifid" for hierarchy "cpu_datapath:cd|ifid:ifid_register"
Info (12128): Elaborating entity "mux2" for hierarchy "cpu_datapath:cd|mux2:storemux"
Info (12128): Elaborating entity "adj" for hierarchy "cpu_datapath:cd|adj:adj6"
Info (12128): Elaborating entity "adj" for hierarchy "cpu_datapath:cd|adj:adj9"
Info (12128): Elaborating entity "regfile" for hierarchy "cpu_datapath:cd|regfile:r"
Info (12128): Elaborating entity "idex" for hierarchy "cpu_datapath:cd|idex:idex_register"
Info (12128): Elaborating entity "alu" for hierarchy "cpu_datapath:cd|alu:ALU"
Info (12128): Elaborating entity "exmem" for hierarchy "cpu_datapath:cd|exmem:exmem_register"
Info (12128): Elaborating entity "memwb" for hierarchy "cpu_datapath:cd|memwb:memwb_register"
Info (12128): Elaborating entity "gencc" for hierarchy "cpu_datapath:cd|gencc:Gencc"
Info (12128): Elaborating entity "register" for hierarchy "cpu_datapath:cd|register:CC"
Info (12128): Elaborating entity "cccomp" for hierarchy "cpu_datapath:cd|cccomp:CCCOMP"
Info (276014): Found 1 instances of uninferred RAM logic
    Info (276006): RAM logic "cpu_datapath:cd|regfile:r|data" is uninferred due to "logic" being set as ramstyle synthesis attribute
Warning (13024): Output pins are stuck at VCC or GND
    Warning (13410): Pin "ifetch.WE" is stuck at GND
    Warning (13410): Pin "ifetch.DAT_M[0]" is stuck at GND
    Warning (13410): Pin "ifetch.DAT_M[1]" is stuck at GND
    Warning (13410): Pin "ifetch.DAT_M[2]" is stuck at GND
    Warning (13410): Pin "ifetch.DAT_M[3]" is stuck at GND
    Warning (13410): Pin "ifetch.DAT_M[4]" is stuck at GND
    Warning (13410): Pin "ifetch.DAT_M[5]" is stuck at GND
    Warning (13410): Pin "ifetch.DAT_M[6]" is stuck at GND
    Warning (13410): Pin "ifetch.DAT_M[7]" is stuck at GND
    Warning (13410): Pin "ifetch.DAT_M[8]" is stuck at GND
    Warning (13410): Pin "ifetch.DAT_M[9]" is stuck at GND
    Warning (13410): Pin "ifetch.DAT_M[10]" is stuck at GND
    Warning (13410): Pin "ifetch.DAT_M[11]" is stuck at GND
    Warning (13410): Pin "ifetch.DAT_M[12]" is stuck at GND
    Warning (13410): Pin "ifetch.DAT_M[13]" is stuck at GND
    Warning (13410): Pin "ifetch.DAT_M[14]" is stuck at GND
    Warning (13410): Pin "ifetch.DAT_M[15]" is stuck at GND
    Warning (13410): Pin "ifetch.DAT_M[16]" is stuck at GND
    Warning (13410): Pin "ifetch.DAT_M[17]" is stuck at GND
    Warning (13410): Pin "ifetch.DAT_M[18]" is stuck at GND
    Warning (13410): Pin "ifetch.DAT_M[19]" is stuck at GND
    Warning (13410): Pin "ifetch.DAT_M[20]" is stuck at GND
    Warning (13410): Pin "ifetch.DAT_M[21]" is stuck at GND
    Warning (13410): Pin "ifetch.DAT_M[22]" is stuck at GND
    Warning (13410): Pin "ifetch.DAT_M[23]" is stuck at GND
    Warning (13410): Pin "ifetch.DAT_M[24]" is stuck at GND
    Warning (13410): Pin "ifetch.DAT_M[25]" is stuck at GND
    Warning (13410): Pin "ifetch.DAT_M[26]" is stuck at GND
    Warning (13410): Pin "ifetch.DAT_M[27]" is stuck at GND
    Warning (13410): Pin "ifetch.DAT_M[28]" is stuck at GND
    Warning (13410): Pin "ifetch.DAT_M[29]" is stuck at GND
    Warning (13410): Pin "ifetch.DAT_M[30]" is stuck at GND
    Warning (13410): Pin "ifetch.DAT_M[31]" is stuck at GND
    Warning (13410): Pin "ifetch.DAT_M[32]" is stuck at GND
    Warning (13410): Pin "ifetch.DAT_M[33]" is stuck at GND
    Warning (13410): Pin "ifetch.DAT_M[34]" is stuck at GND
    Warning (13410): Pin "ifetch.DAT_M[35]" is stuck at GND
    Warning (13410): Pin "ifetch.DAT_M[36]" is stuck at GND
    Warning (13410): Pin "ifetch.DAT_M[37]" is stuck at GND
    Warning (13410): Pin "ifetch.DAT_M[38]" is stuck at GND
    Warning (13410): Pin "ifetch.DAT_M[39]" is stuck at GND
    Warning (13410): Pin "ifetch.DAT_M[40]" is stuck at GND
    Warning (13410): Pin "ifetch.DAT_M[41]" is stuck at GND
    Warning (13410): Pin "ifetch.DAT_M[42]" is stuck at GND
    Warning (13410): Pin "ifetch.DAT_M[43]" is stuck at GND
    Warning (13410): Pin "ifetch.DAT_M[44]" is stuck at GND
    Warning (13410): Pin "ifetch.DAT_M[45]" is stuck at GND
    Warning (13410): Pin "ifetch.DAT_M[46]" is stuck at GND
    Warning (13410): Pin "ifetch.DAT_M[47]" is stuck at GND
    Warning (13410): Pin "ifetch.DAT_M[48]" is stuck at GND
    Warning (13410): Pin "ifetch.DAT_M[49]" is stuck at GND
    Warning (13410): Pin "ifetch.DAT_M[50]" is stuck at GND
    Warning (13410): Pin "ifetch.DAT_M[51]" is stuck at GND
    Warning (13410): Pin "ifetch.DAT_M[52]" is stuck at GND
    Warning (13410): Pin "ifetch.DAT_M[53]" is stuck at GND
    Warning (13410): Pin "ifetch.DAT_M[54]" is stuck at GND
    Warning (13410): Pin "ifetch.DAT_M[55]" is stuck at GND
    Warning (13410): Pin "ifetch.DAT_M[56]" is stuck at GND
    Warning (13410): Pin "ifetch.DAT_M[57]" is stuck at GND
    Warning (13410): Pin "ifetch.DAT_M[58]" is stuck at GND
    Warning (13410): Pin "ifetch.DAT_M[59]" is stuck at GND
    Warning (13410): Pin "ifetch.DAT_M[60]" is stuck at GND
    Warning (13410): Pin "ifetch.DAT_M[61]" is stuck at GND
    Warning (13410): Pin "ifetch.DAT_M[62]" is stuck at GND
    Warning (13410): Pin "ifetch.DAT_M[63]" is stuck at GND
    Warning (13410): Pin "ifetch.DAT_M[64]" is stuck at GND
    Warning (13410): Pin "ifetch.DAT_M[65]" is stuck at GND
    Warning (13410): Pin "ifetch.DAT_M[66]" is stuck at GND
    Warning (13410): Pin "ifetch.DAT_M[67]" is stuck at GND
    Warning (13410): Pin "ifetch.DAT_M[68]" is stuck at GND
    Warning (13410): Pin "ifetch.DAT_M[69]" is stuck at GND
    Warning (13410): Pin "ifetch.DAT_M[70]" is stuck at GND
    Warning (13410): Pin "ifetch.DAT_M[71]" is stuck at GND
    Warning (13410): Pin "ifetch.DAT_M[72]" is stuck at GND
    Warning (13410): Pin "ifetch.DAT_M[73]" is stuck at GND
    Warning (13410): Pin "ifetch.DAT_M[74]" is stuck at GND
    Warning (13410): Pin "ifetch.DAT_M[75]" is stuck at GND
    Warning (13410): Pin "ifetch.DAT_M[76]" is stuck at GND
    Warning (13410): Pin "ifetch.DAT_M[77]" is stuck at GND
    Warning (13410): Pin "ifetch.DAT_M[78]" is stuck at GND
    Warning (13410): Pin "ifetch.DAT_M[79]" is stuck at GND
    Warning (13410): Pin "ifetch.DAT_M[80]" is stuck at GND
    Warning (13410): Pin "ifetch.DAT_M[81]" is stuck at GND
    Warning (13410): Pin "ifetch.DAT_M[82]" is stuck at GND
    Warning (13410): Pin "ifetch.DAT_M[83]" is stuck at GND
    Warning (13410): Pin "ifetch.DAT_M[84]" is stuck at GND
    Warning (13410): Pin "ifetch.DAT_M[85]" is stuck at GND
    Warning (13410): Pin "ifetch.DAT_M[86]" is stuck at GND
    Warning (13410): Pin "ifetch.DAT_M[87]" is stuck at GND
    Warning (13410): Pin "ifetch.DAT_M[88]" is stuck at GND
    Warning (13410): Pin "ifetch.DAT_M[89]" is stuck at GND
    Warning (13410): Pin "ifetch.DAT_M[90]" is stuck at GND
    Warning (13410): Pin "ifetch.DAT_M[91]" is stuck at GND
    Warning (13410): Pin "ifetch.DAT_M[92]" is stuck at GND
    Warning (13410): Pin "ifetch.DAT_M[93]" is stuck at GND
    Warning (13410): Pin "ifetch.DAT_M[94]" is stuck at GND
    Warning (13410): Pin "ifetch.DAT_M[95]" is stuck at GND
    Warning (13410): Pin "ifetch.DAT_M[96]" is stuck at GND
    Warning (13410): Pin "ifetch.DAT_M[97]" is stuck at GND
    Warning (13410): Pin "ifetch.DAT_M[98]" is stuck at GND
    Warning (13410): Pin "ifetch.DAT_M[99]" is stuck at GND
    Warning (13410): Pin "ifetch.DAT_M[100]" is stuck at GND
    Warning (13410): Pin "ifetch.DAT_M[101]" is stuck at GND
    Warning (13410): Pin "ifetch.DAT_M[102]" is stuck at GND
    Warning (13410): Pin "ifetch.DAT_M[103]" is stuck at GND
    Warning (13410): Pin "ifetch.DAT_M[104]" is stuck at GND
    Warning (13410): Pin "ifetch.DAT_M[105]" is stuck at GND
    Warning (13410): Pin "ifetch.DAT_M[106]" is stuck at GND
    Warning (13410): Pin "ifetch.DAT_M[107]" is stuck at GND
    Warning (13410): Pin "ifetch.DAT_M[108]" is stuck at GND
    Warning (13410): Pin "ifetch.DAT_M[109]" is stuck at GND
    Warning (13410): Pin "ifetch.DAT_M[110]" is stuck at GND
    Warning (13410): Pin "ifetch.DAT_M[111]" is stuck at GND
    Warning (13410): Pin "ifetch.DAT_M[112]" is stuck at GND
    Warning (13410): Pin "ifetch.DAT_M[113]" is stuck at GND
    Warning (13410): Pin "ifetch.DAT_M[114]" is stuck at GND
    Warning (13410): Pin "ifetch.DAT_M[115]" is stuck at GND
    Warning (13410): Pin "ifetch.DAT_M[116]" is stuck at GND
    Warning (13410): Pin "ifetch.DAT_M[117]" is stuck at GND
    Warning (13410): Pin "ifetch.DAT_M[118]" is stuck at GND
    Warning (13410): Pin "ifetch.DAT_M[119]" is stuck at GND
    Warning (13410): Pin "ifetch.DAT_M[120]" is stuck at GND
    Warning (13410): Pin "ifetch.DAT_M[121]" is stuck at GND
    Warning (13410): Pin "ifetch.DAT_M[122]" is stuck at GND
    Warning (13410): Pin "ifetch.DAT_M[123]" is stuck at GND
    Warning (13410): Pin "ifetch.DAT_M[124]" is stuck at GND
    Warning (13410): Pin "ifetch.DAT_M[125]" is stuck at GND
    Warning (13410): Pin "ifetch.DAT_M[126]" is stuck at GND
    Warning (13410): Pin "ifetch.DAT_M[127]" is stuck at GND
    Warning (13410): Pin "memory.STB" is stuck at GND
    Warning (13410): Pin "memory.CYC" is stuck at GND
Info (286030): Timing-Driven Synthesis is running
Info (16010): Generating hard_block partition "hard_block:auto_generated_inst"
    Info (16011): Adding 0 node(s), including 0 DDIO, 0 PLL, 0 transceiver and 0 LCELL
Warning (21074): Design contains 3 input pin(s) that do not drive logic
    Warning (15610): No output dependent on input pin "ifetch.RTY"
    Warning (15610): No output dependent on input pin "memory.RTY"
    Warning (15610): No output dependent on input pin "memory.CLK"
Info (21057): Implemented 1386 device resources after synthesis - the final resource count might be different
    Info (21058): Implemented 262 input pins
    Info (21059): Implemented 318 output pins
    Info (21061): Implemented 806 logic cells
Info: Quartus II 32-bit Analysis & Synthesis was successful. 0 errors, 136 warnings
    Info: Peak virtual memory: 448 megabytes
    Info: Processing ended: Sat Mar 10 16:05:45 2018
    Info: Elapsed time: 00:00:04
    Info: Total CPU time (on all processors): 00:00:02


