Archive member included to satisfy reference by file (symbol)

../lab7_app2_bsp/\libhal_bsp.a(alt_load.o)
                              ../lab7_app2_bsp//obj/HAL/src/crt0.o (alt_load)
../lab7_app2_bsp/\libhal_bsp.a(alt_main.o)
                              ../lab7_app2_bsp//obj/HAL/src/crt0.o (alt_main)
../lab7_app2_bsp/\libhal_bsp.a(alt_sys_init.o)
                              ../lab7_app2_bsp/\libhal_bsp.a(alt_main.o) (alt_irq_init)
../lab7_app2_bsp/\libhal_bsp.a(alt_close.o)
                              ../lab7_app2_bsp/\libhal_bsp.a(alt_main.o) (close)
../lab7_app2_bsp/\libhal_bsp.a(alt_dcache_flush_all.o)
                              ../lab7_app2_bsp/\libhal_bsp.a(alt_load.o) (alt_dcache_flush_all)
../lab7_app2_bsp/\libhal_bsp.a(alt_dev.o)
                              ../lab7_app2_bsp/\libhal_bsp.a(alt_close.o) (alt_fd_list)
../lab7_app2_bsp/\libhal_bsp.a(alt_do_ctors.o)
                              ../lab7_app2_bsp/\libhal_bsp.a(alt_main.o) (_do_ctors)
../lab7_app2_bsp/\libhal_bsp.a(alt_do_dtors.o)
                              ../lab7_app2_bsp/\libhal_bsp.a(alt_main.o) (_do_dtors)
../lab7_app2_bsp/\libhal_bsp.a(alt_errno.o)
                              ../lab7_app2_bsp/\libhal_bsp.a(alt_close.o) (alt_errno)
../lab7_app2_bsp/\libhal_bsp.a(alt_icache_flush_all.o)
                              ../lab7_app2_bsp/\libhal_bsp.a(alt_load.o) (alt_icache_flush_all)
../lab7_app2_bsp/\libhal_bsp.a(alt_release_fd.o)
                              ../lab7_app2_bsp/\libhal_bsp.a(alt_close.o) (alt_release_fd)
../lab7_app2_bsp/\libhal_bsp.a(altera_nios2_gen2_irq.o)
                              ../lab7_app2_bsp/\libhal_bsp.a(alt_sys_init.o) (altera_nios2_gen2_irq_init)
c:/altera/16.0/nios2eds/bin/gnu/h-x86_64-mingw32/bin/../lib/gcc/nios2-elf/5.2.0/../../../../../H-x86_64-mingw32/nios2-elf/lib/mno-hw-mul\libc.a(lib_a-atexit.o)
                              ../lab7_app2_bsp/\libhal_bsp.a(alt_main.o) (atexit)
c:/altera/16.0/nios2eds/bin/gnu/h-x86_64-mingw32/bin/../lib/gcc/nios2-elf/5.2.0/../../../../../H-x86_64-mingw32/nios2-elf/lib/mno-hw-mul\libc.a(lib_a-exit.o)
                              ../lab7_app2_bsp/\libhal_bsp.a(alt_main.o) (exit)
c:/altera/16.0/nios2eds/bin/gnu/h-x86_64-mingw32/bin/../lib/gcc/nios2-elf/5.2.0/../../../../../H-x86_64-mingw32/nios2-elf/lib/mno-hw-mul\libc.a(lib_a-impure.o)
                              c:/altera/16.0/nios2eds/bin/gnu/h-x86_64-mingw32/bin/../lib/gcc/nios2-elf/5.2.0/../../../../../H-x86_64-mingw32/nios2-elf/lib/mno-hw-mul\libc.a(lib_a-exit.o) (_global_impure_ptr)
c:/altera/16.0/nios2eds/bin/gnu/h-x86_64-mingw32/bin/../lib/gcc/nios2-elf/5.2.0/../../../../../H-x86_64-mingw32/nios2-elf/lib/mno-hw-mul\libc.a(lib_a-int_errno.o)
                              ../lab7_app2_bsp/\libhal_bsp.a(alt_close.o) (errno)
c:/altera/16.0/nios2eds/bin/gnu/h-x86_64-mingw32/bin/../lib/gcc/nios2-elf/5.2.0/../../../../../H-x86_64-mingw32/nios2-elf/lib/mno-hw-mul\libc.a(lib_a-__atexit.o)
                              c:/altera/16.0/nios2eds/bin/gnu/h-x86_64-mingw32/bin/../lib/gcc/nios2-elf/5.2.0/../../../../../H-x86_64-mingw32/nios2-elf/lib/mno-hw-mul\libc.a(lib_a-atexit.o) (__register_exitproc)
c:/altera/16.0/nios2eds/bin/gnu/h-x86_64-mingw32/bin/../lib/gcc/nios2-elf/5.2.0/../../../../../H-x86_64-mingw32/nios2-elf/lib/mno-hw-mul\libc.a(lib_a-__call_atexit.o)
                              c:/altera/16.0/nios2eds/bin/gnu/h-x86_64-mingw32/bin/../lib/gcc/nios2-elf/5.2.0/../../../../../H-x86_64-mingw32/nios2-elf/lib/mno-hw-mul\libc.a(lib_a-exit.o) (__call_exitprocs)
c:/altera/16.0/nios2eds/bin/gnu/h-x86_64-mingw32/bin/../lib/gcc/nios2-elf/5.2.0/mno-hw-mul\libgcc.a(lib2-mul.o)
                              ../lab7_app2_bsp/\libhal_bsp.a(alt_close.o) (__mulsi3)
../lab7_app2_bsp/\libhal_bsp.a(alt_exit.o)
                              c:/altera/16.0/nios2eds/bin/gnu/h-x86_64-mingw32/bin/../lib/gcc/nios2-elf/5.2.0/../../../../../H-x86_64-mingw32/nios2-elf/lib/mno-hw-mul\libc.a(lib_a-exit.o) (_exit)

Allocating common symbols
Common symbol       size              file

errno               0x4               c:/altera/16.0/nios2eds/bin/gnu/h-x86_64-mingw32/bin/../lib/gcc/nios2-elf/5.2.0/../../../../../H-x86_64-mingw32/nios2-elf/lib/mno-hw-mul\libc.a(lib_a-int_errno.o)

Memory Configuration

Name             Origin             Length             Attributes
onchip_memory2_0 0x0000000000000000 0x0000000000000010
reset            0x0000000010000000 0x0000000000000020
sdram            0x0000000010000020 0x0000000003ffffe0
*default*        0x0000000000000000 0xffffffffffffffff

Linker script and memory map

LOAD ../lab7_app2_bsp//obj/HAL/src/crt0.o
LOAD obj/default/main.o
LOAD c:/altera/16.0/nios2eds/bin/gnu/h-x86_64-mingw32/bin/../lib/gcc/nios2-elf/5.2.0/../../../../../H-x86_64-mingw32/nios2-elf/lib/mno-hw-mul\libstdc++.a
LOAD c:/altera/16.0/nios2eds/bin/gnu/h-x86_64-mingw32/bin/../lib/gcc/nios2-elf/5.2.0/../../../../../H-x86_64-mingw32/nios2-elf/lib/mno-hw-mul\libm.a
LOAD c:/altera/16.0/nios2eds/bin/gnu/h-x86_64-mingw32/bin/../lib/gcc/nios2-elf/5.2.0/mno-hw-mul\libgcc.a
START GROUP
LOAD c:/altera/16.0/nios2eds/bin/gnu/h-x86_64-mingw32/bin/../lib/gcc/nios2-elf/5.2.0/../../../../../H-x86_64-mingw32/nios2-elf/lib/mno-hw-mul\libc.a
LOAD c:/altera/16.0/nios2eds/bin/gnu/h-x86_64-mingw32/bin/../lib/gcc/nios2-elf/5.2.0/mno-hw-mul\libgcc.a
LOAD ../lab7_app2_bsp/\libhal_bsp.a
LOAD c:/altera/16.0/nios2eds/bin/gnu/h-x86_64-mingw32/bin/../lib/gcc/nios2-elf/5.2.0/../../../../../H-x86_64-mingw32/nios2-elf/lib/mno-hw-mul\libm.a
END GROUP
LOAD c:/altera/16.0/nios2eds/bin/gnu/h-x86_64-mingw32/bin/../lib/gcc/nios2-elf/5.2.0/mno-hw-mul\libgcc.a
                0x0000000000000000                __alt_mem_onchip_memory2_0 = 0x0
                0x0000000010000000                __alt_mem_sdram = 0x10000000

.entry          0x0000000010000000       0x20
 *(.entry)
 .entry         0x0000000010000000       0x20 ../lab7_app2_bsp//obj/HAL/src/crt0.o
                0x0000000010000000                __reset

.exceptions     0x0000000010000020        0x0
                0x0000000010000020                PROVIDE (__ram_exceptions_start, ABSOLUTE (.))
                0x0000000010000020                . = ALIGN (0x20)
 *(.irq)
 *(.exceptions.entry.label)
 *(.exceptions.entry.user)
 *(.exceptions.entry.ecc_fatal)
 *(.exceptions.entry)
 *(.exceptions.irqtest.user)
 *(.exceptions.irqtest)
 *(.exceptions.irqhandler.user)
 *(.exceptions.irqhandler)
 *(.exceptions.irqreturn.user)
 *(.exceptions.irqreturn)
 *(.exceptions.notirq.label)
 *(.exceptions.notirq.user)
 *(.exceptions.notirq)
 *(.exceptions.soft.user)
 *(.exceptions.soft)
 *(.exceptions.unknown.user)
 *(.exceptions.unknown)
 *(.exceptions.exit.label)
 *(.exceptions.exit.user)
 *(.exceptions.exit)
 *(.exceptions)
                0x0000000010000020                PROVIDE (__ram_exceptions_end, ABSOLUTE (.))
                0x0000000010000020                PROVIDE (__flash_exceptions_start, LOADADDR (.exceptions))

.text           0x0000000010000020      0x994
                [!provide]                        PROVIDE (stext, ABSOLUTE (.))
 *(.interp)
 *(.hash)
 *(.dynsym)
 *(.dynstr)
 *(.gnu.version)
 *(.gnu.version_d)
 *(.gnu.version_r)
 *(.rel.init)
 *(.rela.init)
 *(.rel.text .rel.text.* .rel.gnu.linkonce.t.*)
 *(.rela.text .rela.text.* .rela.gnu.linkonce.t.*)
 *(.rel.fini)
 *(.rela.fini)
 *(.rel.rodata .rel.rodata.* .rel.gnu.linkonce.r.*)
 *(.rela.rodata .rela.rodata.* .rela.gnu.linkonce.r.*)
 *(.rel.data .rel.data.* .rel.gnu.linkonce.d.*)
 *(.rela.data .rela.data.* .rela.gnu.linkonce.d.*)
 *(.rel.tdata .rel.tdata.* .rel.gnu.linkonce.td.*)
 *(.rela.tdata .rela.tdata.* .rela.gnu.linkonce.td.*)
 *(.rel.tbss .rel.tbss.* .rel.gnu.linkonce.tb.*)
 *(.rela.tbss .rela.tbss.* .rela.gnu.linkonce.tb.*)
 *(.rel.ctors)
 *(.rela.ctors)
 *(.rel.dtors)
 *(.rela.dtors)
 *(.rel.got)
 *(.rela.got)
 *(.rel.sdata .rel.sdata.* .rel.gnu.linkonce.s.*)
 *(.rela.sdata .rela.sdata.* .rela.gnu.linkonce.s.*)
 *(.rel.sbss .rel.sbss.* .rel.gnu.linkonce.sb.*)
 *(.rela.sbss .rela.sbss.* .rela.gnu.linkonce.sb.*)
 *(.rel.sdata2 .rel.sdata2.* .rel.gnu.linkonce.s2.*)
 *(.rela.sdata2 .rela.sdata2.* .rela.gnu.linkonce.s2.*)
 *(.rel.sbss2 .rel.sbss2.* .rel.gnu.linkonce.sb2.*)
 *(.rela.sbss2 .rela.sbss2.* .rela.gnu.linkonce.sb2.*)
 *(.rel.bss .rel.bss.* .rel.gnu.linkonce.b.*)
 *(.rela.bss .rela.bss.* .rela.gnu.linkonce.b.*)
 *(.rel.plt)
 *(.rela.plt)
 *(.rel.dyn)
 *(.init)
 *(.plt)
 *(.text .stub .text.* .gnu.linkonce.t.*)
 .text          0x0000000010000020       0x3c ../lab7_app2_bsp//obj/HAL/src/crt0.o
                0x0000000010000020                _start
 .text          0x000000001000005c      0x174 obj/default/main.o
                0x000000001000005c                main
                0x0000000010000108                blink
 .text          0x00000000100001d0       0xec ../lab7_app2_bsp/\libhal_bsp.a(alt_load.o)
                0x0000000010000238                alt_load
 .text          0x00000000100002bc       0x60 ../lab7_app2_bsp/\libhal_bsp.a(alt_main.o)
                0x00000000100002bc                alt_main
 .text          0x000000001000031c       0x5c ../lab7_app2_bsp/\libhal_bsp.a(alt_sys_init.o)
                0x000000001000031c                alt_irq_init
                0x0000000010000354                alt_sys_init
 .text          0x0000000010000378      0x128 ../lab7_app2_bsp/\libhal_bsp.a(alt_close.o)
                0x00000000100003c8                close
 .text          0x00000000100004a0       0x20 ../lab7_app2_bsp/\libhal_bsp.a(alt_dcache_flush_all.o)
                0x00000000100004a0                alt_dcache_flush_all
 .text          0x00000000100004c0       0x2c ../lab7_app2_bsp/\libhal_bsp.a(alt_dev.o)
 .text          0x00000000100004ec       0x60 ../lab7_app2_bsp/\libhal_bsp.a(alt_do_ctors.o)
                0x00000000100004ec                _do_ctors
 .text          0x000000001000054c       0x60 ../lab7_app2_bsp/\libhal_bsp.a(alt_do_dtors.o)
                0x000000001000054c                _do_dtors
 .text          0x00000000100005ac        0x0 ../lab7_app2_bsp/\libhal_bsp.a(alt_errno.o)
 .text          0x00000000100005ac       0x20 ../lab7_app2_bsp/\libhal_bsp.a(alt_icache_flush_all.o)
                0x00000000100005ac                alt_icache_flush_all
 .text          0x00000000100005cc       0x84 ../lab7_app2_bsp/\libhal_bsp.a(alt_release_fd.o)
                0x00000000100005cc                alt_release_fd
 .text          0x0000000010000650       0x24 ../lab7_app2_bsp/\libhal_bsp.a(altera_nios2_gen2_irq.o)
                0x0000000010000650                altera_nios2_gen2_irq_init
 .text          0x0000000010000674        0x0 c:/altera/16.0/nios2eds/bin/gnu/h-x86_64-mingw32/bin/../lib/gcc/nios2-elf/5.2.0/../../../../../H-x86_64-mingw32/nios2-elf/lib/mno-hw-mul\libc.a(lib_a-atexit.o)
 .text.atexit   0x0000000010000674       0x14 c:/altera/16.0/nios2eds/bin/gnu/h-x86_64-mingw32/bin/../lib/gcc/nios2-elf/5.2.0/../../../../../H-x86_64-mingw32/nios2-elf/lib/mno-hw-mul\libc.a(lib_a-atexit.o)
                0x0000000010000674                atexit
 .text          0x0000000010000688        0x0 c:/altera/16.0/nios2eds/bin/gnu/h-x86_64-mingw32/bin/../lib/gcc/nios2-elf/5.2.0/../../../../../H-x86_64-mingw32/nios2-elf/lib/mno-hw-mul\libc.a(lib_a-exit.o)
 .text.exit     0x0000000010000688       0x38 c:/altera/16.0/nios2eds/bin/gnu/h-x86_64-mingw32/bin/../lib/gcc/nios2-elf/5.2.0/../../../../../H-x86_64-mingw32/nios2-elf/lib/mno-hw-mul\libc.a(lib_a-exit.o)
                0x0000000010000688                exit
 .text          0x00000000100006c0        0x0 c:/altera/16.0/nios2eds/bin/gnu/h-x86_64-mingw32/bin/../lib/gcc/nios2-elf/5.2.0/../../../../../H-x86_64-mingw32/nios2-elf/lib/mno-hw-mul\libc.a(lib_a-impure.o)
 .text          0x00000000100006c0        0x0 c:/altera/16.0/nios2eds/bin/gnu/h-x86_64-mingw32/bin/../lib/gcc/nios2-elf/5.2.0/../../../../../H-x86_64-mingw32/nios2-elf/lib/mno-hw-mul\libc.a(lib_a-int_errno.o)
 .text          0x00000000100006c0        0x0 c:/altera/16.0/nios2eds/bin/gnu/h-x86_64-mingw32/bin/../lib/gcc/nios2-elf/5.2.0/../../../../../H-x86_64-mingw32/nios2-elf/lib/mno-hw-mul\libc.a(lib_a-__atexit.o)
 .text.__register_exitproc
                0x00000000100006c0      0x118 c:/altera/16.0/nios2eds/bin/gnu/h-x86_64-mingw32/bin/../lib/gcc/nios2-elf/5.2.0/../../../../../H-x86_64-mingw32/nios2-elf/lib/mno-hw-mul\libc.a(lib_a-__atexit.o)
                0x00000000100006c0                __register_exitproc
 .text          0x00000000100007d8        0x0 c:/altera/16.0/nios2eds/bin/gnu/h-x86_64-mingw32/bin/../lib/gcc/nios2-elf/5.2.0/../../../../../H-x86_64-mingw32/nios2-elf/lib/mno-hw-mul\libc.a(lib_a-__call_atexit.o)
 .text.__call_exitprocs
                0x00000000100007d8      0x180 c:/altera/16.0/nios2eds/bin/gnu/h-x86_64-mingw32/bin/../lib/gcc/nios2-elf/5.2.0/../../../../../H-x86_64-mingw32/nios2-elf/lib/mno-hw-mul\libc.a(lib_a-__call_atexit.o)
                0x00000000100007d8                __call_exitprocs
 .text          0x0000000010000958       0x28 c:/altera/16.0/nios2eds/bin/gnu/h-x86_64-mingw32/bin/../lib/gcc/nios2-elf/5.2.0/mno-hw-mul\libgcc.a(lib2-mul.o)
                0x0000000010000958                __mulsi3
 .text          0x0000000010000980       0x34 ../lab7_app2_bsp/\libhal_bsp.a(alt_exit.o)
                0x0000000010000980                _exit
 *(.gnu.warning.*)
 *(.fini)
                [!provide]                        PROVIDE (__etext, ABSOLUTE (.))
                [!provide]                        PROVIDE (_etext, ABSOLUTE (.))
                [!provide]                        PROVIDE (etext, ABSOLUTE (.))
 *(.eh_frame_hdr)
                0x00000000100009b4                . = ALIGN (0x4)
                [!provide]                        PROVIDE (__preinit_array_start, ABSOLUTE (.))
 *(.preinit_array)
                [!provide]                        PROVIDE (__preinit_array_end, ABSOLUTE (.))
                [!provide]                        PROVIDE (__init_array_start, ABSOLUTE (.))
 *(.init_array)
                [!provide]                        PROVIDE (__init_array_end, ABSOLUTE (.))
                [!provide]                        PROVIDE (__fini_array_start, ABSOLUTE (.))
 *(.fini_array)
                [!provide]                        PROVIDE (__fini_array_end, ABSOLUTE (.))
 *(.eh_frame)
 *(.gcc_except_table .gcc_except_table.*)
 *(.dynamic)
                0x00000000100009b4                PROVIDE (__CTOR_LIST__, ABSOLUTE (.))
 *(.ctors)
 *(SORT(.ctors.*))
                0x00000000100009b4                PROVIDE (__CTOR_END__, ABSOLUTE (.))
                0x00000000100009b4                PROVIDE (__DTOR_LIST__, ABSOLUTE (.))
 *(.dtors)
 *(SORT(.dtors.*))
                0x00000000100009b4                PROVIDE (__DTOR_END__, ABSOLUTE (.))
 *(.jcr)
                0x00000000100009b4                . = ALIGN (0x4)

.rodata         0x00000000100009b4       0x10
                0x00000000100009b4                PROVIDE (__ram_rodata_start, ABSOLUTE (.))
                0x00000000100009b4                . = ALIGN (0x4)
 *(.rodata .rodata.* .gnu.linkonce.r.*)
 .rodata        0x00000000100009b4        0xa ../lab7_app2_bsp/\libhal_bsp.a(alt_dev.o)
 *fill*         0x00000000100009be        0x2 
 .rodata.str1.4
                0x00000000100009c0        0x4 c:/altera/16.0/nios2eds/bin/gnu/h-x86_64-mingw32/bin/../lib/gcc/nios2-elf/5.2.0/../../../../../H-x86_64-mingw32/nios2-elf/lib/mno-hw-mul\libc.a(lib_a-impure.o)
                                          0x2 (size before relaxing)
 *(.rodata1)
                0x00000000100009c4                . = ALIGN (0x4)
                0x00000000100009c4                PROVIDE (__ram_rodata_end, ABSOLUTE (.))
                0x00000000100009b4                PROVIDE (__flash_rodata_start, LOADADDR (.rodata))

.rwdata         0x00000000100009c4      0x5ec load address 0x0000000010000fb0
                0x00000000100009c4                PROVIDE (__ram_rwdata_start, ABSOLUTE (.))
                0x00000000100009c4                . = ALIGN (0x4)
 *(.got.plt)
 *(.got)
 *(.data1)
 *(.data .data.* .gnu.linkonce.d.*)
 .data          0x00000000100009c4        0x0 ../lab7_app2_bsp//obj/HAL/src/crt0.o
 .data          0x00000000100009c4        0x0 obj/default/main.o
 .data          0x00000000100009c4        0x0 ../lab7_app2_bsp/\libhal_bsp.a(alt_load.o)
 .data          0x00000000100009c4        0x0 ../lab7_app2_bsp/\libhal_bsp.a(alt_main.o)
 .data          0x00000000100009c4        0x0 ../lab7_app2_bsp/\libhal_bsp.a(alt_sys_init.o)
 .data          0x00000000100009c4        0x0 ../lab7_app2_bsp/\libhal_bsp.a(alt_close.o)
 .data          0x00000000100009c4        0x0 ../lab7_app2_bsp/\libhal_bsp.a(alt_dcache_flush_all.o)
 .data          0x00000000100009c4      0x1a8 ../lab7_app2_bsp/\libhal_bsp.a(alt_dev.o)
                0x00000000100009c4                alt_dev_null
                0x00000000100009ec                alt_fd_list
 .data          0x0000000010000b6c        0x0 ../lab7_app2_bsp/\libhal_bsp.a(alt_do_ctors.o)
 .data          0x0000000010000b6c        0x0 ../lab7_app2_bsp/\libhal_bsp.a(alt_do_dtors.o)
 .data          0x0000000010000b6c        0x0 ../lab7_app2_bsp/\libhal_bsp.a(alt_errno.o)
 .data          0x0000000010000b6c        0x0 ../lab7_app2_bsp/\libhal_bsp.a(alt_icache_flush_all.o)
 .data          0x0000000010000b6c        0x0 ../lab7_app2_bsp/\libhal_bsp.a(alt_release_fd.o)
 .data          0x0000000010000b6c        0x0 ../lab7_app2_bsp/\libhal_bsp.a(altera_nios2_gen2_irq.o)
 .data          0x0000000010000b6c        0x0 c:/altera/16.0/nios2eds/bin/gnu/h-x86_64-mingw32/bin/../lib/gcc/nios2-elf/5.2.0/../../../../../H-x86_64-mingw32/nios2-elf/lib/mno-hw-mul\libc.a(lib_a-atexit.o)
 .data          0x0000000010000b6c        0x0 c:/altera/16.0/nios2eds/bin/gnu/h-x86_64-mingw32/bin/../lib/gcc/nios2-elf/5.2.0/../../../../../H-x86_64-mingw32/nios2-elf/lib/mno-hw-mul\libc.a(lib_a-exit.o)
 .data          0x0000000010000b6c        0x0 c:/altera/16.0/nios2eds/bin/gnu/h-x86_64-mingw32/bin/../lib/gcc/nios2-elf/5.2.0/../../../../../H-x86_64-mingw32/nios2-elf/lib/mno-hw-mul\libc.a(lib_a-impure.o)
 .data.impure_data
                0x0000000010000b6c      0x424 c:/altera/16.0/nios2eds/bin/gnu/h-x86_64-mingw32/bin/../lib/gcc/nios2-elf/5.2.0/../../../../../H-x86_64-mingw32/nios2-elf/lib/mno-hw-mul\libc.a(lib_a-impure.o)
 .data          0x0000000010000f90        0x0 c:/altera/16.0/nios2eds/bin/gnu/h-x86_64-mingw32/bin/../lib/gcc/nios2-elf/5.2.0/../../../../../H-x86_64-mingw32/nios2-elf/lib/mno-hw-mul\libc.a(lib_a-int_errno.o)
 .data          0x0000000010000f90        0x0 c:/altera/16.0/nios2eds/bin/gnu/h-x86_64-mingw32/bin/../lib/gcc/nios2-elf/5.2.0/../../../../../H-x86_64-mingw32/nios2-elf/lib/mno-hw-mul\libc.a(lib_a-__atexit.o)
 .data          0x0000000010000f90        0x0 c:/altera/16.0/nios2eds/bin/gnu/h-x86_64-mingw32/bin/../lib/gcc/nios2-elf/5.2.0/../../../../../H-x86_64-mingw32/nios2-elf/lib/mno-hw-mul\libc.a(lib_a-__call_atexit.o)
 .data          0x0000000010000f90        0x0 c:/altera/16.0/nios2eds/bin/gnu/h-x86_64-mingw32/bin/../lib/gcc/nios2-elf/5.2.0/mno-hw-mul\libgcc.a(lib2-mul.o)
 .data          0x0000000010000f90        0x0 ../lab7_app2_bsp/\libhal_bsp.a(alt_exit.o)
                0x0000000010008f90                _gp = ABSOLUTE ((. + 0x8000))
                [!provide]                        PROVIDE (gp, _gp)
 *(.rwdata .rwdata.*)
 *(.sdata .sdata.* .gnu.linkonce.s.*)
 .sdata         0x0000000010000f90       0x14 ../lab7_app2_bsp/\libhal_bsp.a(alt_dev.o)
                0x0000000010000f90                alt_fs_list
                0x0000000010000f98                alt_dev_list
                0x0000000010000fa0                alt_max_fd
 .sdata         0x0000000010000fa4        0x4 ../lab7_app2_bsp/\libhal_bsp.a(alt_errno.o)
                0x0000000010000fa4                alt_errno
 .sdata._global_impure_ptr
                0x0000000010000fa8        0x4 c:/altera/16.0/nios2eds/bin/gnu/h-x86_64-mingw32/bin/../lib/gcc/nios2-elf/5.2.0/../../../../../H-x86_64-mingw32/nios2-elf/lib/mno-hw-mul\libc.a(lib_a-impure.o)
                0x0000000010000fa8                _global_impure_ptr
 .sdata._impure_ptr
                0x0000000010000fac        0x4 c:/altera/16.0/nios2eds/bin/gnu/h-x86_64-mingw32/bin/../lib/gcc/nios2-elf/5.2.0/../../../../../H-x86_64-mingw32/nios2-elf/lib/mno-hw-mul\libc.a(lib_a-impure.o)
                0x0000000010000fac                _impure_ptr
 *(.sdata2 .sdata2.* .gnu.linkonce.s2.*)
                0x0000000010000fb0                . = ALIGN (0x4)
                0x0000000010000fb0                _edata = ABSOLUTE (.)
                [!provide]                        PROVIDE (edata, ABSOLUTE (.))
                0x0000000010000fb0                PROVIDE (__ram_rwdata_end, ABSOLUTE (.))
                0x0000000010000fb0                PROVIDE (__flash_rwdata_start, LOADADDR (.rwdata))

.bss            0x000000001000159c       0x10
                0x000000001000159c                __bss_start = ABSOLUTE (.)
                [!provide]                        PROVIDE (__sbss_start, ABSOLUTE (.))
                [!provide]                        PROVIDE (___sbss_start, ABSOLUTE (.))
 *(.dynsbss)
 *(.sbss .sbss.* .gnu.linkonce.sb.*)
 .sbss          0x000000001000159c        0xc ../lab7_app2_bsp/\libhal_bsp.a(alt_main.o)
                0x000000001000159c                alt_argc
                0x00000000100015a0                alt_argv
                0x00000000100015a4                alt_envp
 .sbss          0x00000000100015a8        0x4 c:/altera/16.0/nios2eds/bin/gnu/h-x86_64-mingw32/bin/../lib/gcc/nios2-elf/5.2.0/../../../../../H-x86_64-mingw32/nios2-elf/lib/mno-hw-mul\libc.a(lib_a-int_errno.o)
                0x00000000100015a8                errno
 *(.sbss2 .sbss2.* .gnu.linkonce.sb2.*)
 *(.scommon)
                [!provide]                        PROVIDE (__sbss_end, ABSOLUTE (.))
                [!provide]                        PROVIDE (___sbss_end, ABSOLUTE (.))
 *(.dynbss)
 *(.bss .bss.* .gnu.linkonce.b.*)
 .bss           0x00000000100015ac        0x0 ../lab7_app2_bsp//obj/HAL/src/crt0.o
 .bss           0x00000000100015ac        0x0 obj/default/main.o
 .bss           0x00000000100015ac        0x0 ../lab7_app2_bsp/\libhal_bsp.a(alt_load.o)
 .bss           0x00000000100015ac        0x0 ../lab7_app2_bsp/\libhal_bsp.a(alt_main.o)
 .bss           0x00000000100015ac        0x0 ../lab7_app2_bsp/\libhal_bsp.a(alt_sys_init.o)
 .bss           0x00000000100015ac        0x0 ../lab7_app2_bsp/\libhal_bsp.a(alt_close.o)
 .bss           0x00000000100015ac        0x0 ../lab7_app2_bsp/\libhal_bsp.a(alt_dcache_flush_all.o)
 .bss           0x00000000100015ac        0x0 ../lab7_app2_bsp/\libhal_bsp.a(alt_dev.o)
 .bss           0x00000000100015ac        0x0 ../lab7_app2_bsp/\libhal_bsp.a(alt_do_ctors.o)
 .bss           0x00000000100015ac        0x0 ../lab7_app2_bsp/\libhal_bsp.a(alt_do_dtors.o)
 .bss           0x00000000100015ac        0x0 ../lab7_app2_bsp/\libhal_bsp.a(alt_errno.o)
 .bss           0x00000000100015ac        0x0 ../lab7_app2_bsp/\libhal_bsp.a(alt_icache_flush_all.o)
 .bss           0x00000000100015ac        0x0 ../lab7_app2_bsp/\libhal_bsp.a(alt_release_fd.o)
 .bss           0x00000000100015ac        0x0 ../lab7_app2_bsp/\libhal_bsp.a(altera_nios2_gen2_irq.o)
 .bss           0x00000000100015ac        0x0 c:/altera/16.0/nios2eds/bin/gnu/h-x86_64-mingw32/bin/../lib/gcc/nios2-elf/5.2.0/../../../../../H-x86_64-mingw32/nios2-elf/lib/mno-hw-mul\libc.a(lib_a-atexit.o)
 .bss           0x00000000100015ac        0x0 c:/altera/16.0/nios2eds/bin/gnu/h-x86_64-mingw32/bin/../lib/gcc/nios2-elf/5.2.0/../../../../../H-x86_64-mingw32/nios2-elf/lib/mno-hw-mul\libc.a(lib_a-exit.o)
 .bss           0x00000000100015ac        0x0 c:/altera/16.0/nios2eds/bin/gnu/h-x86_64-mingw32/bin/../lib/gcc/nios2-elf/5.2.0/../../../../../H-x86_64-mingw32/nios2-elf/lib/mno-hw-mul\libc.a(lib_a-impure.o)
 .bss           0x00000000100015ac        0x0 c:/altera/16.0/nios2eds/bin/gnu/h-x86_64-mingw32/bin/../lib/gcc/nios2-elf/5.2.0/../../../../../H-x86_64-mingw32/nios2-elf/lib/mno-hw-mul\libc.a(lib_a-int_errno.o)
 .bss           0x00000000100015ac        0x0 c:/altera/16.0/nios2eds/bin/gnu/h-x86_64-mingw32/bin/../lib/gcc/nios2-elf/5.2.0/../../../../../H-x86_64-mingw32/nios2-elf/lib/mno-hw-mul\libc.a(lib_a-__atexit.o)
 .bss           0x00000000100015ac        0x0 c:/altera/16.0/nios2eds/bin/gnu/h-x86_64-mingw32/bin/../lib/gcc/nios2-elf/5.2.0/../../../../../H-x86_64-mingw32/nios2-elf/lib/mno-hw-mul\libc.a(lib_a-__call_atexit.o)
 .bss           0x00000000100015ac        0x0 c:/altera/16.0/nios2eds/bin/gnu/h-x86_64-mingw32/bin/../lib/gcc/nios2-elf/5.2.0/mno-hw-mul\libgcc.a(lib2-mul.o)
 .bss           0x00000000100015ac        0x0 ../lab7_app2_bsp/\libhal_bsp.a(alt_exit.o)
 *(COMMON)
                0x00000000100015ac                . = ALIGN (0x4)
                0x00000000100015ac                __bss_end = ABSOLUTE (.)

.onchip_memory2_0
                0x0000000000000000        0x0 load address 0x00000000100015ac
                [!provide]                        PROVIDE (_alt_partition_onchip_memory2_0_start, ABSOLUTE (.))
 *(.onchip_memory2_0 .onchip_memory2_0. onchip_memory2_0.*)
                0x0000000000000000                . = ALIGN (0x4)
                [!provide]                        PROVIDE (_alt_partition_onchip_memory2_0_end, ABSOLUTE (.))
                [!provide]                        PROVIDE (_alt_partition_onchip_memory2_0_load_addr, LOADADDR (.onchip_memory2_0))

.sdram          0x00000000100015ac        0x0
                [!provide]                        PROVIDE (_alt_partition_sdram_start, ABSOLUTE (.))
 *(.sdram .sdram. sdram.*)
                0x00000000100015ac                . = ALIGN (0x4)
                [!provide]                        PROVIDE (_alt_partition_sdram_end, ABSOLUTE (.))
                0x00000000100015ac                _end = ABSOLUTE (.)
                0x00000000100015ac                end = ABSOLUTE (.)
                0x00000000100015ac                __alt_stack_base = ABSOLUTE (.)
                [!provide]                        PROVIDE (_alt_partition_sdram_load_addr, LOADADDR (.sdram))

.stab
 *(.stab)

.stabstr
 *(.stabstr)

.stab.excl
 *(.stab.excl)

.stab.exclstr
 *(.stab.exclstr)

.stab.index
 *(.stab.index)

.stab.indexstr
 *(.stab.indexstr)

.comment        0x0000000000000000       0x23
 *(.comment)
 .comment       0x0000000000000000       0x23 obj/default/main.o
                                         0x24 (size before relaxing)
 .comment       0x0000000000000023       0x24 ../lab7_app2_bsp/\libhal_bsp.a(alt_load.o)
 .comment       0x0000000000000023       0x24 ../lab7_app2_bsp/\libhal_bsp.a(alt_main.o)
 .comment       0x0000000000000023       0x24 ../lab7_app2_bsp/\libhal_bsp.a(alt_sys_init.o)
 .comment       0x0000000000000023       0x24 ../lab7_app2_bsp/\libhal_bsp.a(alt_close.o)
 .comment       0x0000000000000023       0x24 ../lab7_app2_bsp/\libhal_bsp.a(alt_dcache_flush_all.o)
 .comment       0x0000000000000023       0x24 ../lab7_app2_bsp/\libhal_bsp.a(alt_dev.o)
 .comment       0x0000000000000023       0x24 ../lab7_app2_bsp/\libhal_bsp.a(alt_do_ctors.o)
 .comment       0x0000000000000023       0x24 ../lab7_app2_bsp/\libhal_bsp.a(alt_do_dtors.o)
 .comment       0x0000000000000023       0x24 ../lab7_app2_bsp/\libhal_bsp.a(alt_errno.o)
 .comment       0x0000000000000023       0x24 ../lab7_app2_bsp/\libhal_bsp.a(alt_icache_flush_all.o)
 .comment       0x0000000000000023       0x24 ../lab7_app2_bsp/\libhal_bsp.a(alt_release_fd.o)
 .comment       0x0000000000000023       0x24 ../lab7_app2_bsp/\libhal_bsp.a(altera_nios2_gen2_irq.o)
 .comment       0x0000000000000023       0x24 c:/altera/16.0/nios2eds/bin/gnu/h-x86_64-mingw32/bin/../lib/gcc/nios2-elf/5.2.0/../../../../../H-x86_64-mingw32/nios2-elf/lib/mno-hw-mul\libc.a(lib_a-atexit.o)
 .comment       0x0000000000000023       0x24 c:/altera/16.0/nios2eds/bin/gnu/h-x86_64-mingw32/bin/../lib/gcc/nios2-elf/5.2.0/../../../../../H-x86_64-mingw32/nios2-elf/lib/mno-hw-mul\libc.a(lib_a-exit.o)
 .comment       0x0000000000000023       0x24 c:/altera/16.0/nios2eds/bin/gnu/h-x86_64-mingw32/bin/../lib/gcc/nios2-elf/5.2.0/../../../../../H-x86_64-mingw32/nios2-elf/lib/mno-hw-mul\libc.a(lib_a-impure.o)
 .comment       0x0000000000000023       0x24 c:/altera/16.0/nios2eds/bin/gnu/h-x86_64-mingw32/bin/../lib/gcc/nios2-elf/5.2.0/../../../../../H-x86_64-mingw32/nios2-elf/lib/mno-hw-mul\libc.a(lib_a-int_errno.o)
 .comment       0x0000000000000023       0x24 c:/altera/16.0/nios2eds/bin/gnu/h-x86_64-mingw32/bin/../lib/gcc/nios2-elf/5.2.0/../../../../../H-x86_64-mingw32/nios2-elf/lib/mno-hw-mul\libc.a(lib_a-__atexit.o)
 .comment       0x0000000000000023       0x24 c:/altera/16.0/nios2eds/bin/gnu/h-x86_64-mingw32/bin/../lib/gcc/nios2-elf/5.2.0/../../../../../H-x86_64-mingw32/nios2-elf/lib/mno-hw-mul\libc.a(lib_a-__call_atexit.o)
 .comment       0x0000000000000023       0x24 c:/altera/16.0/nios2eds/bin/gnu/h-x86_64-mingw32/bin/../lib/gcc/nios2-elf/5.2.0/mno-hw-mul\libgcc.a(lib2-mul.o)
 .comment       0x0000000000000023       0x24 ../lab7_app2_bsp/\libhal_bsp.a(alt_exit.o)

.debug
 *(.debug)

.line
 *(.line)

.debug_srcinfo
 *(.debug_srcinfo)

.debug_sfnames
 *(.debug_sfnames)

.debug_aranges  0x0000000000000000      0x2b0
 *(.debug_aranges)
 .debug_aranges
                0x0000000000000000       0x28 ../lab7_app2_bsp//obj/HAL/src/crt0.o
 .debug_aranges
                0x0000000000000028       0x20 obj/default/main.o
 .debug_aranges
                0x0000000000000048       0x20 ../lab7_app2_bsp/\libhal_bsp.a(alt_load.o)
 .debug_aranges
                0x0000000000000068       0x20 ../lab7_app2_bsp/\libhal_bsp.a(alt_main.o)
 .debug_aranges
                0x0000000000000088       0x20 ../lab7_app2_bsp/\libhal_bsp.a(alt_sys_init.o)
 .debug_aranges
                0x00000000000000a8       0x20 ../lab7_app2_bsp/\libhal_bsp.a(alt_close.o)
 .debug_aranges
                0x00000000000000c8       0x20 ../lab7_app2_bsp/\libhal_bsp.a(alt_dcache_flush_all.o)
 .debug_aranges
                0x00000000000000e8       0x20 ../lab7_app2_bsp/\libhal_bsp.a(alt_dev.o)
 .debug_aranges
                0x0000000000000108       0x20 ../lab7_app2_bsp/\libhal_bsp.a(alt_do_ctors.o)
 .debug_aranges
                0x0000000000000128       0x20 ../lab7_app2_bsp/\libhal_bsp.a(alt_do_dtors.o)
 .debug_aranges
                0x0000000000000148       0x18 ../lab7_app2_bsp/\libhal_bsp.a(alt_errno.o)
 .debug_aranges
                0x0000000000000160       0x20 ../lab7_app2_bsp/\libhal_bsp.a(alt_icache_flush_all.o)
 .debug_aranges
                0x0000000000000180       0x20 ../lab7_app2_bsp/\libhal_bsp.a(alt_release_fd.o)
 .debug_aranges
                0x00000000000001a0       0x20 ../lab7_app2_bsp/\libhal_bsp.a(altera_nios2_gen2_irq.o)
 .debug_aranges
                0x00000000000001c0       0x20 c:/altera/16.0/nios2eds/bin/gnu/h-x86_64-mingw32/bin/../lib/gcc/nios2-elf/5.2.0/../../../../../H-x86_64-mingw32/nios2-elf/lib/mno-hw-mul\libc.a(lib_a-atexit.o)
 .debug_aranges
                0x00000000000001e0       0x20 c:/altera/16.0/nios2eds/bin/gnu/h-x86_64-mingw32/bin/../lib/gcc/nios2-elf/5.2.0/../../../../../H-x86_64-mingw32/nios2-elf/lib/mno-hw-mul\libc.a(lib_a-exit.o)
 .debug_aranges
                0x0000000000000200       0x18 c:/altera/16.0/nios2eds/bin/gnu/h-x86_64-mingw32/bin/../lib/gcc/nios2-elf/5.2.0/../../../../../H-x86_64-mingw32/nios2-elf/lib/mno-hw-mul\libc.a(lib_a-impure.o)
 .debug_aranges
                0x0000000000000218       0x18 c:/altera/16.0/nios2eds/bin/gnu/h-x86_64-mingw32/bin/../lib/gcc/nios2-elf/5.2.0/../../../../../H-x86_64-mingw32/nios2-elf/lib/mno-hw-mul\libc.a(lib_a-int_errno.o)
 .debug_aranges
                0x0000000000000230       0x20 c:/altera/16.0/nios2eds/bin/gnu/h-x86_64-mingw32/bin/../lib/gcc/nios2-elf/5.2.0/../../../../../H-x86_64-mingw32/nios2-elf/lib/mno-hw-mul\libc.a(lib_a-__atexit.o)
 .debug_aranges
                0x0000000000000250       0x20 c:/altera/16.0/nios2eds/bin/gnu/h-x86_64-mingw32/bin/../lib/gcc/nios2-elf/5.2.0/../../../../../H-x86_64-mingw32/nios2-elf/lib/mno-hw-mul\libc.a(lib_a-__call_atexit.o)
 .debug_aranges
                0x0000000000000270       0x20 c:/altera/16.0/nios2eds/bin/gnu/h-x86_64-mingw32/bin/../lib/gcc/nios2-elf/5.2.0/mno-hw-mul\libgcc.a(lib2-mul.o)
 .debug_aranges
                0x0000000000000290       0x20 ../lab7_app2_bsp/\libhal_bsp.a(alt_exit.o)

.debug_pubnames
 *(.debug_pubnames)

.debug_info     0x0000000000000000     0x3a2a
 *(.debug_info .gnu.linkonce.wi.*)
 .debug_info    0x0000000000000000       0x54 ../lab7_app2_bsp//obj/HAL/src/crt0.o
 .debug_info    0x0000000000000054       0xdb obj/default/main.o
 .debug_info    0x000000000000012f      0x145 ../lab7_app2_bsp/\libhal_bsp.a(alt_load.o)
 .debug_info    0x0000000000000274      0x157 ../lab7_app2_bsp/\libhal_bsp.a(alt_main.o)
 .debug_info    0x00000000000003cb       0xfa ../lab7_app2_bsp/\libhal_bsp.a(alt_sys_init.o)
 .debug_info    0x00000000000004c5      0x321 ../lab7_app2_bsp/\libhal_bsp.a(alt_close.o)
 .debug_info    0x00000000000007e6       0x92 ../lab7_app2_bsp/\libhal_bsp.a(alt_dcache_flush_all.o)
 .debug_info    0x0000000000000878      0x49c ../lab7_app2_bsp/\libhal_bsp.a(alt_dev.o)
 .debug_info    0x0000000000000d14       0x83 ../lab7_app2_bsp/\libhal_bsp.a(alt_do_ctors.o)
 .debug_info    0x0000000000000d97       0x83 ../lab7_app2_bsp/\libhal_bsp.a(alt_do_dtors.o)
 .debug_info    0x0000000000000e1a       0xa6 ../lab7_app2_bsp/\libhal_bsp.a(alt_errno.o)
 .debug_info    0x0000000000000ec0       0x92 ../lab7_app2_bsp/\libhal_bsp.a(alt_icache_flush_all.o)
 .debug_info    0x0000000000000f52      0x2b0 ../lab7_app2_bsp/\libhal_bsp.a(alt_release_fd.o)
 .debug_info    0x0000000000001202       0xb8 ../lab7_app2_bsp/\libhal_bsp.a(altera_nios2_gen2_irq.o)
 .debug_info    0x00000000000012ba       0xfe c:/altera/16.0/nios2eds/bin/gnu/h-x86_64-mingw32/bin/../lib/gcc/nios2-elf/5.2.0/../../../../../H-x86_64-mingw32/nios2-elf/lib/mno-hw-mul\libc.a(lib_a-atexit.o)
 .debug_info    0x00000000000013b8      0x8e4 c:/altera/16.0/nios2eds/bin/gnu/h-x86_64-mingw32/bin/../lib/gcc/nios2-elf/5.2.0/../../../../../H-x86_64-mingw32/nios2-elf/lib/mno-hw-mul\libc.a(lib_a-exit.o)
 .debug_info    0x0000000000001c9c      0x8a1 c:/altera/16.0/nios2eds/bin/gnu/h-x86_64-mingw32/bin/../lib/gcc/nios2-elf/5.2.0/../../../../../H-x86_64-mingw32/nios2-elf/lib/mno-hw-mul\libc.a(lib_a-impure.o)
 .debug_info    0x000000000000253d       0x8a c:/altera/16.0/nios2eds/bin/gnu/h-x86_64-mingw32/bin/../lib/gcc/nios2-elf/5.2.0/../../../../../H-x86_64-mingw32/nios2-elf/lib/mno-hw-mul\libc.a(lib_a-int_errno.o)
 .debug_info    0x00000000000025c7      0x934 c:/altera/16.0/nios2eds/bin/gnu/h-x86_64-mingw32/bin/../lib/gcc/nios2-elf/5.2.0/../../../../../H-x86_64-mingw32/nios2-elf/lib/mno-hw-mul\libc.a(lib_a-__atexit.o)
 .debug_info    0x0000000000002efb      0x965 c:/altera/16.0/nios2eds/bin/gnu/h-x86_64-mingw32/bin/../lib/gcc/nios2-elf/5.2.0/../../../../../H-x86_64-mingw32/nios2-elf/lib/mno-hw-mul\libc.a(lib_a-__call_atexit.o)
 .debug_info    0x0000000000003860       0xb4 c:/altera/16.0/nios2eds/bin/gnu/h-x86_64-mingw32/bin/../lib/gcc/nios2-elf/5.2.0/mno-hw-mul\libgcc.a(lib2-mul.o)
 .debug_info    0x0000000000003914      0x116 ../lab7_app2_bsp/\libhal_bsp.a(alt_exit.o)

.debug_abbrev   0x0000000000000000     0x11a5
 *(.debug_abbrev)
 .debug_abbrev  0x0000000000000000       0x12 ../lab7_app2_bsp//obj/HAL/src/crt0.o
 .debug_abbrev  0x0000000000000012       0x8a obj/default/main.o
 .debug_abbrev  0x000000000000009c       0x9f ../lab7_app2_bsp/\libhal_bsp.a(alt_load.o)
 .debug_abbrev  0x000000000000013b       0xc1 ../lab7_app2_bsp/\libhal_bsp.a(alt_main.o)
 .debug_abbrev  0x00000000000001fc       0xbc ../lab7_app2_bsp/\libhal_bsp.a(alt_sys_init.o)
 .debug_abbrev  0x00000000000002b8      0x11f ../lab7_app2_bsp/\libhal_bsp.a(alt_close.o)
 .debug_abbrev  0x00000000000003d7       0x42 ../lab7_app2_bsp/\libhal_bsp.a(alt_dcache_flush_all.o)
 .debug_abbrev  0x0000000000000419       0xd9 ../lab7_app2_bsp/\libhal_bsp.a(alt_dev.o)
 .debug_abbrev  0x00000000000004f2       0x79 ../lab7_app2_bsp/\libhal_bsp.a(alt_do_ctors.o)
 .debug_abbrev  0x000000000000056b       0x79 ../lab7_app2_bsp/\libhal_bsp.a(alt_do_dtors.o)
 .debug_abbrev  0x00000000000005e4       0x5a ../lab7_app2_bsp/\libhal_bsp.a(alt_errno.o)
 .debug_abbrev  0x000000000000063e       0x42 ../lab7_app2_bsp/\libhal_bsp.a(alt_icache_flush_all.o)
 .debug_abbrev  0x0000000000000680       0xde ../lab7_app2_bsp/\libhal_bsp.a(alt_release_fd.o)
 .debug_abbrev  0x000000000000075e       0x67 ../lab7_app2_bsp/\libhal_bsp.a(altera_nios2_gen2_irq.o)
 .debug_abbrev  0x00000000000007c5       0xaa c:/altera/16.0/nios2eds/bin/gnu/h-x86_64-mingw32/bin/../lib/gcc/nios2-elf/5.2.0/../../../../../H-x86_64-mingw32/nios2-elf/lib/mno-hw-mul\libc.a(lib_a-atexit.o)
 .debug_abbrev  0x000000000000086f      0x1e5 c:/altera/16.0/nios2eds/bin/gnu/h-x86_64-mingw32/bin/../lib/gcc/nios2-elf/5.2.0/../../../../../H-x86_64-mingw32/nios2-elf/lib/mno-hw-mul\libc.a(lib_a-exit.o)
 .debug_abbrev  0x0000000000000a54      0x18f c:/altera/16.0/nios2eds/bin/gnu/h-x86_64-mingw32/bin/../lib/gcc/nios2-elf/5.2.0/../../../../../H-x86_64-mingw32/nios2-elf/lib/mno-hw-mul\libc.a(lib_a-impure.o)
 .debug_abbrev  0x0000000000000be3       0x37 c:/altera/16.0/nios2eds/bin/gnu/h-x86_64-mingw32/bin/../lib/gcc/nios2-elf/5.2.0/../../../../../H-x86_64-mingw32/nios2-elf/lib/mno-hw-mul\libc.a(lib_a-int_errno.o)
 .debug_abbrev  0x0000000000000c1a      0x21e c:/altera/16.0/nios2eds/bin/gnu/h-x86_64-mingw32/bin/../lib/gcc/nios2-elf/5.2.0/../../../../../H-x86_64-mingw32/nios2-elf/lib/mno-hw-mul\libc.a(lib_a-__atexit.o)
 .debug_abbrev  0x0000000000000e38      0x22e c:/altera/16.0/nios2eds/bin/gnu/h-x86_64-mingw32/bin/../lib/gcc/nios2-elf/5.2.0/../../../../../H-x86_64-mingw32/nios2-elf/lib/mno-hw-mul\libc.a(lib_a-__call_atexit.o)
 .debug_abbrev  0x0000000000001066       0x6f c:/altera/16.0/nios2eds/bin/gnu/h-x86_64-mingw32/bin/../lib/gcc/nios2-elf/5.2.0/mno-hw-mul\libgcc.a(lib2-mul.o)
 .debug_abbrev  0x00000000000010d5       0xd0 ../lab7_app2_bsp/\libhal_bsp.a(alt_exit.o)

.debug_line     0x0000000000000000     0x1230
 *(.debug_line)
 .debug_line    0x0000000000000000       0x66 ../lab7_app2_bsp//obj/HAL/src/crt0.o
 .debug_line    0x0000000000000066       0x71 obj/default/main.o
 .debug_line    0x00000000000000d7       0x8e ../lab7_app2_bsp/\libhal_bsp.a(alt_load.o)
 .debug_line    0x0000000000000165       0xcd ../lab7_app2_bsp/\libhal_bsp.a(alt_main.o)
 .debug_line    0x0000000000000232       0xa8 ../lab7_app2_bsp/\libhal_bsp.a(alt_sys_init.o)
 .debug_line    0x00000000000002da      0x15e ../lab7_app2_bsp/\libhal_bsp.a(alt_close.o)
 .debug_line    0x0000000000000438       0x51 ../lab7_app2_bsp/\libhal_bsp.a(alt_dcache_flush_all.o)
 .debug_line    0x0000000000000489       0xf0 ../lab7_app2_bsp/\libhal_bsp.a(alt_dev.o)
 .debug_line    0x0000000000000579       0x59 ../lab7_app2_bsp/\libhal_bsp.a(alt_do_ctors.o)
 .debug_line    0x00000000000005d2       0x59 ../lab7_app2_bsp/\libhal_bsp.a(alt_do_dtors.o)
 .debug_line    0x000000000000062b       0x51 ../lab7_app2_bsp/\libhal_bsp.a(alt_errno.o)
 .debug_line    0x000000000000067c       0x4f ../lab7_app2_bsp/\libhal_bsp.a(alt_icache_flush_all.o)
 .debug_line    0x00000000000006cb       0xb0 ../lab7_app2_bsp/\libhal_bsp.a(alt_release_fd.o)
 .debug_line    0x000000000000077b       0x8d ../lab7_app2_bsp/\libhal_bsp.a(altera_nios2_gen2_irq.o)
 .debug_line    0x0000000000000808       0xe7 c:/altera/16.0/nios2eds/bin/gnu/h-x86_64-mingw32/bin/../lib/gcc/nios2-elf/5.2.0/../../../../../H-x86_64-mingw32/nios2-elf/lib/mno-hw-mul\libc.a(lib_a-atexit.o)
 .debug_line    0x00000000000008ef      0x1fc c:/altera/16.0/nios2eds/bin/gnu/h-x86_64-mingw32/bin/../lib/gcc/nios2-elf/5.2.0/../../../../../H-x86_64-mingw32/nios2-elf/lib/mno-hw-mul\libc.a(lib_a-exit.o)
 .debug_line    0x0000000000000aeb      0x160 c:/altera/16.0/nios2eds/bin/gnu/h-x86_64-mingw32/bin/../lib/gcc/nios2-elf/5.2.0/../../../../../H-x86_64-mingw32/nios2-elf/lib/mno-hw-mul\libc.a(lib_a-impure.o)
 .debug_line    0x0000000000000c4b       0x5f c:/altera/16.0/nios2eds/bin/gnu/h-x86_64-mingw32/bin/../lib/gcc/nios2-elf/5.2.0/../../../../../H-x86_64-mingw32/nios2-elf/lib/mno-hw-mul\libc.a(lib_a-int_errno.o)
 .debug_line    0x0000000000000caa      0x21f c:/altera/16.0/nios2eds/bin/gnu/h-x86_64-mingw32/bin/../lib/gcc/nios2-elf/5.2.0/../../../../../H-x86_64-mingw32/nios2-elf/lib/mno-hw-mul\libc.a(lib_a-__atexit.o)
 .debug_line    0x0000000000000ec9      0x23a c:/altera/16.0/nios2eds/bin/gnu/h-x86_64-mingw32/bin/../lib/gcc/nios2-elf/5.2.0/../../../../../H-x86_64-mingw32/nios2-elf/lib/mno-hw-mul\libc.a(lib_a-__call_atexit.o)
 .debug_line    0x0000000000001103       0x80 c:/altera/16.0/nios2eds/bin/gnu/h-x86_64-mingw32/bin/../lib/gcc/nios2-elf/5.2.0/mno-hw-mul\libgcc.a(lib2-mul.o)
 .debug_line    0x0000000000001183       0xad ../lab7_app2_bsp/\libhal_bsp.a(alt_exit.o)

.debug_frame    0x0000000000000000      0x430
 *(.debug_frame)
 .debug_frame   0x0000000000000000       0x50 obj/default/main.o
 .debug_frame   0x0000000000000050       0x5c ../lab7_app2_bsp/\libhal_bsp.a(alt_load.o)
 .debug_frame   0x00000000000000ac       0x2c ../lab7_app2_bsp/\libhal_bsp.a(alt_main.o)
 .debug_frame   0x00000000000000d8       0x5c ../lab7_app2_bsp/\libhal_bsp.a(alt_sys_init.o)
 .debug_frame   0x0000000000000134       0x60 ../lab7_app2_bsp/\libhal_bsp.a(alt_close.o)
 .debug_frame   0x0000000000000194       0x34 ../lab7_app2_bsp/\libhal_bsp.a(alt_dcache_flush_all.o)
 .debug_frame   0x00000000000001c8       0x34 ../lab7_app2_bsp/\libhal_bsp.a(alt_dev.o)
 .debug_frame   0x00000000000001fc       0x38 ../lab7_app2_bsp/\libhal_bsp.a(alt_do_ctors.o)
 .debug_frame   0x0000000000000234       0x38 ../lab7_app2_bsp/\libhal_bsp.a(alt_do_dtors.o)
 .debug_frame   0x000000000000026c       0x34 ../lab7_app2_bsp/\libhal_bsp.a(alt_icache_flush_all.o)
 .debug_frame   0x00000000000002a0       0x3c ../lab7_app2_bsp/\libhal_bsp.a(alt_release_fd.o)
 .debug_frame   0x00000000000002dc       0x34 ../lab7_app2_bsp/\libhal_bsp.a(altera_nios2_gen2_irq.o)
 .debug_frame   0x0000000000000310       0x20 c:/altera/16.0/nios2eds/bin/gnu/h-x86_64-mingw32/bin/../lib/gcc/nios2-elf/5.2.0/../../../../../H-x86_64-mingw32/nios2-elf/lib/mno-hw-mul\libc.a(lib_a-atexit.o)
 .debug_frame   0x0000000000000330       0x28 c:/altera/16.0/nios2eds/bin/gnu/h-x86_64-mingw32/bin/../lib/gcc/nios2-elf/5.2.0/../../../../../H-x86_64-mingw32/nios2-elf/lib/mno-hw-mul\libc.a(lib_a-exit.o)
 .debug_frame   0x0000000000000358       0x38 c:/altera/16.0/nios2eds/bin/gnu/h-x86_64-mingw32/bin/../lib/gcc/nios2-elf/5.2.0/../../../../../H-x86_64-mingw32/nios2-elf/lib/mno-hw-mul\libc.a(lib_a-__atexit.o)
 .debug_frame   0x0000000000000390       0x54 c:/altera/16.0/nios2eds/bin/gnu/h-x86_64-mingw32/bin/../lib/gcc/nios2-elf/5.2.0/../../../../../H-x86_64-mingw32/nios2-elf/lib/mno-hw-mul\libc.a(lib_a-__call_atexit.o)
 .debug_frame   0x00000000000003e4       0x20 c:/altera/16.0/nios2eds/bin/gnu/h-x86_64-mingw32/bin/../lib/gcc/nios2-elf/5.2.0/mno-hw-mul\libgcc.a(lib2-mul.o)
 .debug_frame   0x0000000000000404       0x2c ../lab7_app2_bsp/\libhal_bsp.a(alt_exit.o)

.debug_str      0x0000000000000000      0xebb
 *(.debug_str)
 .debug_str     0x0000000000000000       0x7e obj/default/main.o
                                         0x97 (size before relaxing)
 .debug_str     0x000000000000007e      0x1be ../lab7_app2_bsp/\libhal_bsp.a(alt_load.o)
                                        0x1f7 (size before relaxing)
 .debug_str     0x000000000000023c       0x91 ../lab7_app2_bsp/\libhal_bsp.a(alt_main.o)
                                        0x1ab (size before relaxing)
 .debug_str     0x00000000000002cd       0x47 ../lab7_app2_bsp/\libhal_bsp.a(alt_sys_init.o)
                                        0x17b (size before relaxing)
 .debug_str     0x0000000000000314       0x97 ../lab7_app2_bsp/\libhal_bsp.a(alt_close.o)
                                        0x1f0 (size before relaxing)
 .debug_str     0x00000000000003ab       0x34 ../lab7_app2_bsp/\libhal_bsp.a(alt_dcache_flush_all.o)
                                        0x13a (size before relaxing)
 .debug_str     0x00000000000003df      0x120 ../lab7_app2_bsp/\libhal_bsp.a(alt_dev.o)
                                        0x2ea (size before relaxing)
 .debug_str     0x00000000000004ff       0x48 ../lab7_app2_bsp/\libhal_bsp.a(alt_do_ctors.o)
                                         0xb5 (size before relaxing)
 .debug_str     0x0000000000000547       0x4c ../lab7_app2_bsp/\libhal_bsp.a(alt_do_dtors.o)
                                         0xb4 (size before relaxing)
 .debug_str     0x0000000000000593       0x14 ../lab7_app2_bsp/\libhal_bsp.a(alt_errno.o)
                                        0x12a (size before relaxing)
 .debug_str     0x00000000000005a7       0x34 ../lab7_app2_bsp/\libhal_bsp.a(alt_icache_flush_all.o)
                                        0x13a (size before relaxing)
 .debug_str     0x00000000000005db       0x28 ../lab7_app2_bsp/\libhal_bsp.a(alt_release_fd.o)
                                        0x1b8 (size before relaxing)
 .debug_str     0x0000000000000603       0x3b ../lab7_app2_bsp/\libhal_bsp.a(altera_nios2_gen2_irq.o)
                                        0x16a (size before relaxing)
 .debug_str     0x000000000000063e      0x17c c:/altera/16.0/nios2eds/bin/gnu/h-x86_64-mingw32/bin/../lib/gcc/nios2-elf/5.2.0/../../../../../H-x86_64-mingw32/nios2-elf/lib/mno-hw-mul\libc.a(lib_a-atexit.o)
                                        0x221 (size before relaxing)
 .debug_str     0x00000000000007ba      0x3d6 c:/altera/16.0/nios2eds/bin/gnu/h-x86_64-mingw32/bin/../lib/gcc/nios2-elf/5.2.0/../../../../../H-x86_64-mingw32/nios2-elf/lib/mno-hw-mul\libc.a(lib_a-exit.o)
                                        0x5be (size before relaxing)
 .debug_str     0x0000000000000b90       0xd6 c:/altera/16.0/nios2eds/bin/gnu/h-x86_64-mingw32/bin/../lib/gcc/nios2-elf/5.2.0/../../../../../H-x86_64-mingw32/nios2-elf/lib/mno-hw-mul\libc.a(lib_a-impure.o)
                                        0x5b5 (size before relaxing)
 .debug_str     0x0000000000000c66       0x3f c:/altera/16.0/nios2eds/bin/gnu/h-x86_64-mingw32/bin/../lib/gcc/nios2-elf/5.2.0/../../../../../H-x86_64-mingw32/nios2-elf/lib/mno-hw-mul\libc.a(lib_a-int_errno.o)
                                        0x1dd (size before relaxing)
 .debug_str     0x0000000000000ca5       0x3f c:/altera/16.0/nios2eds/bin/gnu/h-x86_64-mingw32/bin/../lib/gcc/nios2-elf/5.2.0/../../../../../H-x86_64-mingw32/nios2-elf/lib/mno-hw-mul\libc.a(lib_a-__atexit.o)
                                        0x5f6 (size before relaxing)
 .debug_str     0x0000000000000ce4       0x65 c:/altera/16.0/nios2eds/bin/gnu/h-x86_64-mingw32/bin/../lib/gcc/nios2-elf/5.2.0/../../../../../H-x86_64-mingw32/nios2-elf/lib/mno-hw-mul\libc.a(lib_a-__call_atexit.o)
                                        0x5e2 (size before relaxing)
 .debug_str     0x0000000000000d49      0x148 c:/altera/16.0/nios2eds/bin/gnu/h-x86_64-mingw32/bin/../lib/gcc/nios2-elf/5.2.0/mno-hw-mul\libgcc.a(lib2-mul.o)
                                        0x193 (size before relaxing)
 .debug_str     0x0000000000000e91       0x2a ../lab7_app2_bsp/\libhal_bsp.a(alt_exit.o)
                                        0x15f (size before relaxing)

.debug_loc      0x0000000000000000      0x430
 *(.debug_loc)
 .debug_loc     0x0000000000000000       0x2c c:/altera/16.0/nios2eds/bin/gnu/h-x86_64-mingw32/bin/../lib/gcc/nios2-elf/5.2.0/../../../../../H-x86_64-mingw32/nios2-elf/lib/mno-hw-mul\libc.a(lib_a-atexit.o)
 .debug_loc     0x000000000000002c       0x1e c:/altera/16.0/nios2eds/bin/gnu/h-x86_64-mingw32/bin/../lib/gcc/nios2-elf/5.2.0/../../../../../H-x86_64-mingw32/nios2-elf/lib/mno-hw-mul\libc.a(lib_a-exit.o)
 .debug_loc     0x000000000000004a      0x185 c:/altera/16.0/nios2eds/bin/gnu/h-x86_64-mingw32/bin/../lib/gcc/nios2-elf/5.2.0/../../../../../H-x86_64-mingw32/nios2-elf/lib/mno-hw-mul\libc.a(lib_a-__atexit.o)
 .debug_loc     0x00000000000001cf      0x1ce c:/altera/16.0/nios2eds/bin/gnu/h-x86_64-mingw32/bin/../lib/gcc/nios2-elf/5.2.0/../../../../../H-x86_64-mingw32/nios2-elf/lib/mno-hw-mul\libc.a(lib_a-__call_atexit.o)
 .debug_loc     0x000000000000039d       0x93 c:/altera/16.0/nios2eds/bin/gnu/h-x86_64-mingw32/bin/../lib/gcc/nios2-elf/5.2.0/mno-hw-mul\libgcc.a(lib2-mul.o)

.debug_macinfo
 *(.debug_macinfo)

.debug_weaknames
 *(.debug_weaknames)

.debug_funcnames
 *(.debug_funcnames)

.debug_typenames
 *(.debug_typenames)

.debug_varnames
 *(.debug_varnames)

.debug_alt_sim_info
                0x0000000000000000       0x10
 *(.debug_alt_sim_info)
 .debug_alt_sim_info
                0x0000000000000000       0x10 ../lab7_app2_bsp//obj/HAL/src/crt0.o
                0x0000000014000000                __alt_data_end = 0x14000000
                0x0000000014000000                PROVIDE (__alt_stack_pointer, __alt_data_end)
                [!provide]                        PROVIDE (__alt_stack_limit, __alt_stack_base)
                [!provide]                        PROVIDE (__alt_heap_start, end)
                [!provide]                        PROVIDE (__alt_heap_limit, 0x14000000)
OUTPUT(lab7_app2.elf elf32-littlenios2)

.debug_ranges   0x0000000000000000       0x80
 .debug_ranges  0x0000000000000000       0x20 ../lab7_app2_bsp//obj/HAL/src/crt0.o
 .debug_ranges  0x0000000000000020       0x10 c:/altera/16.0/nios2eds/bin/gnu/h-x86_64-mingw32/bin/../lib/gcc/nios2-elf/5.2.0/../../../../../H-x86_64-mingw32/nios2-elf/lib/mno-hw-mul\libc.a(lib_a-atexit.o)
 .debug_ranges  0x0000000000000030       0x10 c:/altera/16.0/nios2eds/bin/gnu/h-x86_64-mingw32/bin/../lib/gcc/nios2-elf/5.2.0/../../../../../H-x86_64-mingw32/nios2-elf/lib/mno-hw-mul\libc.a(lib_a-exit.o)
 .debug_ranges  0x0000000000000040       0x10 c:/altera/16.0/nios2eds/bin/gnu/h-x86_64-mingw32/bin/../lib/gcc/nios2-elf/5.2.0/../../../../../H-x86_64-mingw32/nios2-elf/lib/mno-hw-mul\libc.a(lib_a-__atexit.o)
 .debug_ranges  0x0000000000000050       0x30 c:/altera/16.0/nios2eds/bin/gnu/h-x86_64-mingw32/bin/../lib/gcc/nios2-elf/5.2.0/../../../../../H-x86_64-mingw32/nios2-elf/lib/mno-hw-mul\libc.a(lib_a-__call_atexit.o)
